=== allPhonemes_Voiced, seed 0
 epoch  train loss  train acc  test loss  test acc       lr  s/epoch
    10      2.2872      0.342     2.2548     0.270  1.0e-03     0.61
    20      1.7195      0.496     1.8887     0.329  1.0e-03     0.61
    30      1.4586      0.557     1.7638     0.408  1.0e-03     0.61
    40      1.2036      0.711     1.4658     0.480  1.0e-03     0.60
    50      0.9986      0.794     1.7459     0.382  1.0e-03     0.60
    60      0.9366      0.754     1.3979     0.480  1.0e-03     0.60
    70      0.9749      0.667     1.2284     0.520  1.0e-03     0.60
    80      0.7299      0.807     1.2681     0.520  1.0e-03     0.60
    90      0.6742      0.851     1.7117     0.388  1.0e-03     0.60
   100      0.5660      0.877     1.6663     0.474  1.0e-03     0.60
   110      0.5080      0.886     1.0399     0.618  1.0e-03     0.59
   120      0.4755      0.895     1.2429     0.539  1.0e-03     0.59
   130      0.3863      0.939     1.2925     0.559  1.0e-03     0.59
   140      0.3811      0.934     1.5566     0.480  1.0e-03     0.59
   150      0.4455      0.895     1.5813     0.493  1.0e-03     0.59
   160      0.4105      0.917     1.2741     0.579  1.0e-03     0.59
   170      0.3452      0.947     1.2647     0.579  1.0e-03     0.59
   180      0.2300      0.987     1.1055     0.605  1.0e-03     0.59
   190      0.2534      0.978     1.5912     0.467  1.0e-03     0.59
   200      0.3280      0.952     1.2240     0.566  1.0e-03     0.59
   210      0.2134      0.969     1.6877     0.500  1.0e-03     0.59
   220      0.3067      0.943     1.7957     0.480  1.0e-03     0.59
   230      0.1396      0.991     1.4972     0.539  1.0e-03     0.59
   240      0.1616      0.987     1.0491     0.632  1.0e-03     0.59
   250      0.1471      0.991     1.6359     0.533  1.0e-03     0.59
   260      0.1832      0.982     1.1213     0.579  1.0e-03     0.59
   270      0.1057      0.996     1.4478     0.605  1.0e-03     0.59
   280      0.2413      0.947     2.3204     0.474  1.0e-03     0.59
   290      0.1730      0.974     1.7375     0.500  1.0e-03     0.59
   300      0.1805      0.978     1.1092     0.586  1.0e-03     0.59
test accuracy, allPhonemes_Voiced seed 0:
  at lowest train loss (ours)  0.632  (epoch 257)
  best across epochs (ours)    0.684  (epoch 184)
  final epoch                  0.586
  saved model from epoch 184 to results/allPhonemes_Voiced_seed0_bestTestAccuracy.pt
=== allPhonemes_Voiced, seed 1
 epoch  train loss  train acc  test loss  test acc       lr  s/epoch
    10      2.3457      0.329     2.3005     0.224  1.0e-03     0.58
    20      1.7823      0.447     1.8132     0.454  1.0e-03     0.58
    30      1.5003      0.592     1.5508     0.487  1.0e-03     0.58
    40      1.2852      0.618     1.4252     0.533  1.0e-03     0.58
    50      1.1618      0.667     1.6258     0.428  1.0e-03     0.58
    60      1.0403      0.728     1.3876     0.507  1.0e-03     0.58
    70      0.9258      0.724     1.5877     0.428  1.0e-03     0.58
    80      0.8375      0.737     1.2713     0.539  1.0e-03     0.58
    90      0.7708      0.776     1.2020     0.559  1.0e-03     0.58
   100      0.7623      0.741     1.5253     0.520  1.0e-03     0.58
   110      0.7199      0.811     1.1370     0.579  1.0e-03     0.58
   120      0.5401      0.864     1.2743     0.539  1.0e-03     0.58
   130      0.5332      0.912     1.1509     0.579  1.0e-03     0.58
   140      0.4372      0.912     1.0965     0.612  1.0e-03     0.58
   150      0.4317      0.899     1.4237     0.526  1.0e-03     0.58
   160      0.4525      0.908     1.2446     0.546  1.0e-03     0.58
   170      0.4018      0.912     1.0183     0.645  1.0e-03     0.58
   180      0.3528      0.917     1.2586     0.546  1.0e-03     0.58
   190      0.3532      0.899     1.8900     0.461  1.0e-03     0.58
   200      0.3519      0.930     1.4790     0.546  1.0e-03     0.58
   210      0.2879      0.925     1.6679     0.500  1.0e-03     0.59
   220      0.2114      0.969     1.3590     0.566  1.0e-03     0.59
   230      0.2165      0.978     1.2176     0.605  1.0e-03     0.59
   240      0.2299      0.965     0.8327     0.711  1.0e-03     0.59
   250      0.2530      0.969     1.4168     0.553  1.0e-03     0.59
   260      0.2403      0.952     1.0956     0.645  1.0e-03     0.59
   270      0.1752      0.974     0.9685     0.605  1.0e-03     0.59
   280      0.1926      0.961     2.3701     0.447  1.0e-03     0.59
   290      0.1829      0.965     1.7784     0.467  1.0e-03     0.59
   300      0.2745      0.952     1.2742     0.559  1.0e-03     0.59
test accuracy, allPhonemes_Voiced seed 1:
  at lowest train loss (ours)  0.658  (epoch 269)
  best across epochs (ours)    0.711  (epoch 240)
  final epoch                  0.559
  saved model from epoch 240 to results/allPhonemes_Voiced_seed1_bestTestAccuracy.pt
=== allPhonemes_Voiced, seed 2
 epoch  train loss  train acc  test loss  test acc       lr  s/epoch
    10      2.1763      0.395     2.1404     0.414  1.0e-03     0.59
    20      1.6632      0.487     1.8011     0.408  1.0e-03     0.59
    30      1.3879      0.636     1.6447     0.401  1.0e-03     0.59
    40      1.2662      0.667     1.6302     0.421  1.0e-03     0.59
    50      1.1167      0.697     1.5508     0.467  1.0e-03     0.59
    60      0.9561      0.746     1.3207     0.513  1.0e-03     0.59
    70      0.8764      0.732     1.3364     0.533  1.0e-03     0.59
    80      0.7303      0.794     1.3764     0.507  1.0e-03     0.59
    90      0.7444      0.803     1.6125     0.447  1.0e-03     0.59
   100      0.6861      0.820     1.7734     0.408  1.0e-03     0.59
   110      0.5016      0.908     1.7439     0.474  1.0e-03     0.59
   120      0.5782      0.829     1.0490     0.618  1.0e-03     0.59
   130      0.3675      0.939     1.1181     0.599  1.0e-03     0.59
   140      0.4722      0.886     2.0242     0.362  1.0e-03     0.59
   150      0.4560      0.908     1.3183     0.533  1.0e-03     0.59
   160      0.3726      0.912     1.9905     0.454  1.0e-03     0.59
   170      0.2893      0.947     1.5546     0.533  1.0e-03     0.59
   180      0.3326      0.943     1.2094     0.625  1.0e-03     0.59
   190      0.3173      0.917     1.7436     0.500  1.0e-03     0.59
   200      0.3781      0.917     1.5663     0.500  1.0e-03     0.59
   210      0.2918      0.956     1.8999     0.461  1.0e-03     0.59
   220      0.2310      0.974     1.3266     0.546  1.0e-03     0.59
   230      0.2024      0.987     1.2512     0.605  1.0e-03     0.59
   240      0.1818      0.969     1.4819     0.526  1.0e-03     0.59
   250      0.1825      0.969     0.9130     0.632  1.0e-03     0.59
   260      0.2465      0.952     1.4003     0.546  1.0e-03     0.59
   270      0.2072      0.952     1.0376     0.645  1.0e-03     0.59
   280      0.1290      0.991     1.1249     0.658  1.0e-03     0.59
   290      0.1807      0.969     1.0381     0.612  1.0e-03     0.59
   300      0.1874      0.965     1.5430     0.572  1.0e-03     0.59
test accuracy, allPhonemes_Voiced seed 2:
  at lowest train loss (ours)  0.572  (epoch 274)
  best across epochs (ours)    0.697  (epoch 283)
  final epoch                  0.572
  saved model from epoch 283 to results/allPhonemes_Voiced_seed2_bestTestAccuracy.pt
=== allPhonemes_Voiced, seed 3
 epoch  train loss  train acc  test loss  test acc       lr  s/epoch
    10      2.2819      0.368     2.3252     0.283  1.0e-03     0.59
    20      1.7199      0.522     1.7836     0.401  1.0e-03     0.59
    30      1.4152      0.566     1.6644     0.414  1.0e-03     0.59
    40      1.2046      0.654     1.9695     0.309  1.0e-03     0.59
    50      1.0832      0.697     1.5140     0.474  1.0e-03     0.59
    60      1.0183      0.728     1.8252     0.342  1.0e-03     0.59
    70      0.8440      0.776     1.1677     0.559  1.0e-03     0.59
    80      0.8321      0.789     1.6374     0.414  1.0e-03     0.59
    90      0.7417      0.789     1.3992     0.467  1.0e-03     0.59
   100      0.6415      0.846     1.0326     0.579  1.0e-03     0.59
   110      0.5528      0.851     1.3578     0.507  1.0e-03     0.59
   120      0.5141      0.868     0.9288     0.651  1.0e-03     0.59
   130      0.4985      0.877     1.7146     0.428  1.0e-03     0.59
   140      0.4142      0.939     1.5725     0.493  1.0e-03     0.59
   150      0.3397      0.952     0.9768     0.638  1.0e-03     0.59
   160      0.3372      0.917     1.3166     0.566  1.0e-03     0.59
   170      0.3164      0.965     1.2948     0.559  1.0e-03     0.59
   180      0.3648      0.917     1.3959     0.546  1.0e-03     0.59
   190      0.3285      0.952     1.5647     0.480  1.0e-03     0.59
   200      0.3167      0.930     2.0624     0.434  1.0e-03     0.59
   210      0.2411      0.965     0.8999     0.691  1.0e-03     0.59
   220      0.3249      0.947     1.7618     0.474  1.0e-03     0.59
   230      0.1818      0.987     0.9622     0.684  1.0e-03     0.59
   240      0.2127      0.974     1.4302     0.546  1.0e-03     0.59
   250      0.3023      0.952     1.0769     0.579  1.0e-03     0.59
   260      0.1254      1.000     1.2782     0.559  1.0e-03     0.59
   270      0.2003      0.987     2.0440     0.454  1.0e-03     0.59
   280      0.1208      0.996     0.8528     0.684  1.0e-03     0.59
   290      0.1250      0.991     1.0503     0.632  1.0e-03     0.59
   300      0.1804      0.969     1.3305     0.592  1.0e-03     0.59
test accuracy, allPhonemes_Voiced seed 3:
  at lowest train loss (ours)  0.579  (epoch 281)
  best across epochs (ours)    0.697  (epoch 254)
  final epoch                  0.592
  saved model from epoch 254 to results/allPhonemes_Voiced_seed3_bestTestAccuracy.pt
=== allPhonemes_Voiced, seed 4
 epoch  train loss  train acc  test loss  test acc       lr  s/epoch
    10      2.3243      0.307     2.2695     0.309  1.0e-03     0.59
    20      1.7035      0.474     2.2047     0.230  1.0e-03     0.59
    30      1.4662      0.548     1.7475     0.434  1.0e-03     0.59
    40      1.2516      0.618     1.4731     0.467  1.0e-03     0.59
    50      1.1124      0.654     1.6266     0.441  1.0e-03     0.59
    60      1.0017      0.711     1.3260     0.500  1.0e-03     0.59
    70      0.8827      0.763     1.1536     0.553  1.0e-03     0.59
    80      0.7661      0.798     1.3817     0.520  1.0e-03     0.59
    90      0.7200      0.816     1.2012     0.586  1.0e-03     0.59
   100      0.6385      0.842     1.5143     0.520  1.0e-03     0.59
   110      0.5496      0.882     1.9161     0.480  1.0e-03     0.59
   120      0.5528      0.886     1.0818     0.579  1.0e-03     0.59
   130      0.4586      0.895     1.0359     0.599  1.0e-03     0.59
   140      0.4335      0.925     1.8484     0.480  1.0e-03     0.59
   150      0.3483      0.947     1.5687     0.500  1.0e-03     0.59
   160      0.3259      0.974     1.4388     0.507  1.0e-03     0.59
   170      0.3173      0.956     1.2152     0.566  1.0e-03     0.59
   180      0.2911      0.965     1.3717     0.539  1.0e-03     0.59
   190      0.2710      0.956     1.3177     0.579  1.0e-03     0.59
   200      0.2268      0.961     1.7921     0.546  1.0e-03     0.59
   210      0.2507      0.965     1.0488     0.579  1.0e-03     0.59
   220      0.2578      0.961     1.5614     0.480  1.0e-03     0.59
   230      0.1244      0.996     1.3620     0.579  1.0e-03     0.59
   240      0.1120      0.996     1.0044     0.625  1.0e-03     0.59
   250      0.1460      0.987     0.9375     0.658  1.0e-03     0.59
   260      0.1509      0.982     1.2085     0.553  1.0e-03     0.59
   270      0.1329      0.991     1.5195     0.539  1.0e-03     0.59
   280      0.1704      0.974     1.8494     0.513  1.0e-03     0.59
   290      0.1566      0.978     1.7534     0.526  1.0e-03     0.59
   300      0.2388      0.943     2.1569     0.487  1.0e-03     0.59
test accuracy, allPhonemes_Voiced seed 4:
  at lowest train loss (ours)  0.586  (epoch 251)
  best across epochs (ours)    0.704  (epoch 294)
  final epoch                  0.487
  saved model from epoch 294 to results/allPhonemes_Voiced_seed4_bestTestAccuracy.pt
=== allPhonemes_Unvoiced, seed 0
 epoch  train loss  train acc  test loss  test acc       lr  s/epoch
    10      2.2051      0.404     2.1822     0.336  1.0e-03     0.59
    20      1.6765      0.535     1.7961     0.414  1.0e-03     0.59
    30      1.2878      0.658     1.9616     0.349  1.0e-03     0.59
    40      1.0725      0.737     1.6515     0.428  1.0e-03     0.59
    50      0.9166      0.763     1.8855     0.362  1.0e-03     0.59
    60      0.8584      0.776     1.7982     0.395  1.0e-03     0.59
    70      0.7786      0.798     1.5241     0.447  1.0e-03     0.59
    80      0.6478      0.860     1.2386     0.559  1.0e-03     0.59
    90      0.5958      0.873     1.3663     0.507  1.0e-03     0.59
   100      0.5979      0.838     1.3076     0.513  1.0e-03     0.59
   110      0.5159      0.860     1.7815     0.447  1.0e-03     0.59
   120      0.4350      0.908     1.4500     0.441  1.0e-03     0.59
   130      0.3816      0.925     1.2002     0.566  1.0e-03     0.59
   140      0.3700      0.921     1.4018     0.520  1.0e-03     0.59
   150      0.3668      0.925     1.2826     0.592  1.0e-03     0.59
   160      0.3557      0.947     2.5940     0.342  1.0e-03     0.59
   170      0.3286      0.947     1.6453     0.480  1.0e-03     0.59
   180      0.2843      0.934     1.5886     0.507  1.0e-03     0.59
   190      0.2827      0.947     1.5510     0.474  1.0e-03     0.59
   200      0.2365      0.991     1.3033     0.500  1.0e-03     0.59
   210      0.2904      0.925     1.3438     0.559  1.0e-03     0.59
   220      0.2184      0.978     1.5015     0.520  1.0e-03     0.59
   230      0.1733      0.982     1.8029     0.467  1.0e-03     0.59
   240      0.2329      0.956     1.8710     0.414  1.0e-03     0.59
   250      0.2268      0.969     1.9991     0.401  1.0e-03     0.59
   260      0.1385      0.982     1.5408     0.559  1.0e-03     0.59
   270      0.1309      0.987     1.3929     0.539  1.0e-03     0.59
   280      0.1559      0.987     1.3799     0.566  1.0e-03     0.59
   290      0.1921      0.956     1.9559     0.434  1.0e-03     0.59
   300      0.1473      0.982     2.1918     0.421  1.0e-03     0.59
test accuracy, allPhonemes_Unvoiced seed 0:
  at lowest train loss (ours)  0.441  (epoch 274)
  best across epochs (ours)    0.625  (epoch 233)
  final epoch                  0.421
  saved model from epoch 233 to results/allPhonemes_Unvoiced_seed0_bestTestAccuracy.pt
=== allPhonemes_Unvoiced, seed 1
 epoch  train loss  train acc  test loss  test acc       lr  s/epoch
    10      2.2792      0.325     2.5260     0.138  1.0e-03     0.59
    20      1.6709      0.513     1.7871     0.454  1.0e-03     0.59
    30      1.3805      0.610     1.7667     0.342  1.0e-03     0.59
    40      1.1854      0.675     1.7046     0.428  1.0e-03     0.59
    50      1.0012      0.724     1.8324     0.382  1.0e-03     0.59
    60      0.9284      0.737     1.4500     0.467  1.0e-03     0.59
    70      0.8025      0.781     1.4404     0.493  1.0e-03     0.59
    80      0.6674      0.833     1.7811     0.461  1.0e-03     0.59
    90      0.5910      0.851     1.5108     0.454  1.0e-03     0.59
   100      0.6084      0.825     1.4467     0.507  1.0e-03     0.59
   110      0.6011      0.855     1.2275     0.533  1.0e-03     0.59
   120      0.5173      0.882     1.2729     0.553  1.0e-03     0.59
   130      0.4586      0.904     1.3385     0.513  1.0e-03     0.59
   140      0.3955      0.921     1.1949     0.546  1.0e-03     0.59
   150      0.3711      0.925     1.1793     0.566  1.0e-03     0.59
   160      0.3178      0.961     1.2882     0.546  1.0e-03     0.59
   170      0.3270      0.947     1.4930     0.546  1.0e-03     0.59
   180      0.3845      0.917     2.0961     0.349  1.0e-03     0.59
   190      0.3887      0.921     1.6635     0.461  1.0e-03     0.59
   200      0.2828      0.943     1.4670     0.520  1.0e-03     0.59
   210      0.2719      0.947     1.5794     0.493  1.0e-03     0.59
   220      0.1811      0.987     1.3056     0.533  1.0e-03     0.59
   230      0.2160      0.978     1.5886     0.533  1.0e-03     0.59
   240      0.2756      0.947     1.8737     0.500  1.0e-03     0.59
   250      0.2495      0.952     1.6201     0.493  1.0e-03     0.59
   260      0.2567      0.947     1.2469     0.553  1.0e-03     0.59
   270      0.1815      0.978     1.6926     0.480  1.0e-03     0.59
   280      0.1617      0.969     1.2930     0.586  1.0e-03     0.59
   290      0.1753      0.969     1.3425     0.526  1.0e-03     0.59
   300      0.1914      0.974     1.5987     0.520  1.0e-03     0.59
test accuracy, allPhonemes_Unvoiced seed 1:
  at lowest train loss (ours)  0.520  (epoch 295)
  best across epochs (ours)    0.612  (epoch 214)
  final epoch                  0.520
  saved model from epoch 214 to results/allPhonemes_Unvoiced_seed1_bestTestAccuracy.pt
=== allPhonemes_Unvoiced, seed 2
 epoch  train loss  train acc  test loss  test acc       lr  s/epoch
    10      2.2725      0.355     2.2461     0.309  1.0e-03     0.59
    20      1.6643      0.504     2.1306     0.309  1.0e-03     0.59
    30      1.4231      0.561     1.9994     0.257  1.0e-03     0.59
    40      1.1166      0.645     1.5955     0.461  1.0e-03     0.59
    50      1.0011      0.667     1.6163     0.434  1.0e-03     0.59
    60      0.8236      0.794     1.4816     0.467  1.0e-03     0.59
    70      0.8595      0.772     1.5795     0.500  1.0e-03     0.59
    80      0.6772      0.820     1.4973     0.474  1.0e-03     0.59
    90      0.6937      0.803     1.3839     0.507  1.0e-03     0.59
   100      0.6254      0.807     1.2226     0.553  1.0e-03     0.59
   110      0.5892      0.807     2.1876     0.355  1.0e-03     0.59
   120      0.5637      0.886     1.5697     0.467  1.0e-03     0.59
   130      0.5022      0.868     1.3851     0.526  1.0e-03     0.59
   140      0.3897      0.952     1.1305     0.586  1.0e-03     0.59
   150      0.4613      0.908     1.6384     0.434  1.0e-03     0.59
   160      0.4093      0.921     1.5498     0.500  1.0e-03     0.59
   170      0.3160      0.956     1.3497     0.513  1.0e-03     0.59
   180      0.3157      0.947     2.1651     0.368  1.0e-03     0.59
   190      0.2855      0.961     1.1939     0.579  1.0e-03     0.59
   200      0.4061      0.873     2.1783     0.355  1.0e-03     0.59
   210      0.2735      0.965     1.9481     0.408  1.0e-03     0.59
   220      0.2163      0.982     0.9806     0.678  1.0e-03     0.59
   230      0.2944      0.925     1.2790     0.586  1.0e-03     0.59
   240      0.1996      0.965     1.7916     0.461  1.0e-03     0.59
   250      0.2158      0.969     1.4949     0.513  1.0e-03     0.59
   260      0.1360      0.991     1.9744     0.441  1.0e-03     0.59
   270      0.2516      0.930     1.1942     0.612  1.0e-03     0.59
   280      0.2257      0.969     1.1820     0.605  1.0e-03     0.59
   290      0.2143      0.961     1.3471     0.572  1.0e-03     0.59
   300      0.1636      0.969     1.3661     0.592  1.0e-03     0.59
test accuracy, allPhonemes_Unvoiced seed 2:
  at lowest train loss (ours)  0.618  (epoch 299)
  best across epochs (ours)    0.678  (epoch 220)
  final epoch                  0.592
  saved model from epoch 220 to results/allPhonemes_Unvoiced_seed2_bestTestAccuracy.pt
=== allPhonemes_Unvoiced, seed 3
 epoch  train loss  train acc  test loss  test acc       lr  s/epoch
    10      2.2689      0.399     2.3251     0.296  1.0e-03     0.59
    20      1.6096      0.535     1.9271     0.388  1.0e-03     0.59
    30      1.3539      0.592     1.5274     0.513  1.0e-03     0.59
    40      1.1364      0.689     1.9893     0.336  1.0e-03     0.59
    50      0.9323      0.750     1.6656     0.368  1.0e-03     0.59
    60      0.9650      0.728     1.4496     0.526  1.0e-03     0.59
    70      0.7698      0.789     1.1596     0.625  1.0e-03     0.59
    80      0.7745      0.715     1.2965     0.533  1.0e-03     0.59
    90      0.7362      0.807     2.1781     0.355  1.0e-03     0.59
   100      0.5490      0.877     1.2156     0.559  1.0e-03     0.59
   110      0.5796      0.860     1.3647     0.520  1.0e-03     0.59
   120      0.4155      0.943     1.2945     0.546  1.0e-03     0.59
   130      0.5059      0.890     1.8303     0.355  1.0e-03     0.59
   140      0.4643      0.873     1.4627     0.520  1.0e-03     0.59
   150      0.3654      0.930     1.1593     0.559  1.0e-03     0.59
   160      0.3225      0.939     1.3868     0.520  1.0e-03     0.59
   170      0.3151      0.930     1.1479     0.599  1.0e-03     0.59
   180      0.3028      0.921     1.9079     0.480  1.0e-03     0.59
   190      0.2906      0.943     1.7590     0.507  1.0e-03     0.59
   200      0.2543      0.939     1.7362     0.500  1.0e-03     0.59
   210      0.2198      0.974     1.9671     0.414  1.0e-03     0.59
   220      0.3469      0.912     1.4672     0.533  1.0e-03     0.59
   230      0.2141      0.978     1.2198     0.599  1.0e-03     0.59
   240      0.2432      0.961     2.7836     0.355  1.0e-03     0.59
   250      0.1929      0.965     1.7916     0.454  1.0e-03     0.59
   260      0.1500      0.978     1.4554     0.520  1.0e-03     0.59
   270      0.2912      0.943     1.6605     0.434  1.0e-03     0.59
   280      0.1742      0.974     1.6525     0.526  1.0e-03     0.59
   290      0.1487      0.987     1.3185     0.566  1.0e-03     0.59
   300      0.1567      0.996     2.7596     0.395  1.0e-03     0.59
test accuracy, allPhonemes_Unvoiced seed 3:
  at lowest train loss (ours)  0.533  (epoch 262)
  best across epochs (ours)    0.651  (epoch 212)
  final epoch                  0.395
  saved model from epoch 212 to results/allPhonemes_Unvoiced_seed3_bestTestAccuracy.pt
=== allPhonemes_Unvoiced, seed 4
 epoch  train loss  train acc  test loss  test acc       lr  s/epoch
    10      2.3434      0.316     2.5314     0.237  1.0e-03     0.59
    20      1.6347      0.487     1.8112     0.388  1.0e-03     0.59
    30      1.3490      0.579     1.6848     0.395  1.0e-03     0.59
    40      1.1126      0.697     1.7216     0.382  1.0e-03     0.59
    50      0.9571      0.711     1.3015     0.553  1.0e-03     0.59
    60      0.8583      0.763     1.5508     0.467  1.0e-03     0.59
    70      0.7516      0.803     1.2465     0.579  1.0e-03     0.59
    80      0.6302      0.864     1.2382     0.612  1.0e-03     0.59
    90      0.6476      0.816     1.2222     0.559  1.0e-03     0.59
   100      0.5779      0.842     1.3302     0.539  1.0e-03     0.59
   110      0.4690      0.904     1.5105     0.461  1.0e-03     0.59
   120      0.6568      0.846     2.3385     0.336  1.0e-03     0.59
   130      0.4796      0.860     1.3529     0.520  1.0e-03     0.59
   140      0.4225      0.908     1.3005     0.553  1.0e-03     0.59
   150      0.3501      0.939     1.2331     0.526  1.0e-03     0.59
   160      0.3389      0.921     1.5598     0.500  1.0e-03     0.59
   170      0.4193      0.890     1.2983     0.559  1.0e-03     0.59
   180      0.3102      0.943     1.4103     0.526  1.0e-03     0.59
   190      0.2749      0.947     1.5796     0.513  1.0e-03     0.59
   200      0.2163      0.982     1.3507     0.533  1.0e-03     0.59
   210      0.2641      0.947     1.4260     0.513  1.0e-03     0.59
   220      0.3782      0.925     3.1039     0.401  1.0e-03     0.59
   230      0.1415      0.991     1.0584     0.625  1.0e-03     0.59
   240      0.1231      0.991     1.3481     0.559  1.0e-03     0.59
   250      0.2823      0.939     1.7913     0.441  1.0e-03     0.59
   260      0.2013      0.965     1.4039     0.553  1.0e-03     0.59
   270      0.2041      0.969     1.6155     0.480  1.0e-03     0.59
   280      0.2133      0.943     2.0023     0.467  1.0e-03     0.59
   290      0.1902      0.969     1.9383     0.441  1.0e-03     0.59
   300      0.1574      0.974     1.3959     0.559  1.0e-03     0.59
test accuracy, allPhonemes_Unvoiced seed 4:
  at lowest train loss (ours)  0.572  (epoch 287)
  best across epochs (ours)    0.645  (epoch 114)
  final epoch                  0.559
  saved model from epoch 114 to results/allPhonemes_Unvoiced_seed4_bestTestAccuracy.pt
=== allWords_Voiced, seed 0
 epoch  train loss  train acc  test loss  test acc       lr  s/epoch
    10      2.1426      0.546     2.0535     0.472  1.0e-03     0.56
    20      1.3590      0.736     1.6496     0.521  1.0e-03     0.56
    30      0.8527      0.875     1.2118     0.646  1.0e-03     0.56
    40      0.5960      0.926     1.2004     0.611  1.0e-03     0.56
    50      0.4086      0.963     0.8473     0.743  1.0e-03     0.56
    60      0.2848      0.991     0.7163     0.806  1.0e-03     0.56
    70      0.1985      0.991     1.1466     0.611  1.0e-03     0.56
    80      0.2075      0.977     1.1239     0.625  1.0e-03     0.56
    90      0.0839      1.000     0.5916     0.868  1.0e-03     0.56
   100      0.0687      1.000     0.4600     0.854  1.0e-03     0.56
   110      0.0639      1.000     0.4561     0.861  1.0e-03     0.56
   120      0.0417      1.000     0.4320     0.889  1.0e-03     0.56
   130      0.0433      1.000     0.4223     0.875  1.0e-03     0.56
   140      0.0452      1.000     0.3723     0.917  1.0e-03     0.56
   150      0.0367      1.000     0.7665     0.736  1.0e-03     0.56
   160      0.0205      1.000     0.2776     0.931  1.0e-03     0.56
   170      0.0199      1.000     0.3470     0.882  1.0e-03     0.56
   180      0.0159      1.000     0.2939     0.910  1.0e-03     0.56
   190      0.0212      1.000     0.5307     0.840  1.0e-03     0.56
   200      0.0242      1.000     0.3316     0.910  1.0e-03     0.56
   210      0.0098      1.000     0.2403     0.951  1.0e-03     0.56
   220      0.0410      0.995     1.8868     0.444  1.0e-03     0.56
   230      0.0937      0.981    10.2428     0.132  1.0e-03     0.56
   240      0.0084      1.000     0.2864     0.917  1.0e-03     0.56
   250      0.0073      1.000     0.2396     0.938  1.0e-03     0.56
   260      0.0055      1.000     0.2463     0.938  1.0e-03     0.56
   270      0.0173      0.995     0.3416     0.924  1.0e-03     0.56
   280      0.0079      1.000     0.3384     0.903  1.0e-03     0.56
   290      0.0039      1.000     0.2317     0.924  1.0e-03     0.56
   300      0.0039      1.000     0.2004     0.951  1.0e-03     0.56
test accuracy, allWords_Voiced seed 0:
  at lowest train loss (ours)  0.958  (epoch 292)
  best across epochs (ours)    0.958  (epoch 249)
  final epoch                  0.951
  saved model from epoch 249 to results/allWords_Voiced_seed0_bestTestAccuracy.pt
=== allWords_Voiced, seed 1
 epoch  train loss  train acc  test loss  test acc       lr  s/epoch
    10      2.2789      0.421     2.3243     0.292  1.0e-03     0.56
    20      1.5079      0.708     1.5660     0.535  1.0e-03     0.56
    30      0.9826      0.852     1.9323     0.361  1.0e-03     0.56
    40      0.6587      0.912     0.9327     0.722  1.0e-03     0.56
    50      0.4330      0.958     0.6956     0.833  1.0e-03     0.56
    60      0.2573      0.986     0.7551     0.778  1.0e-03     0.56
    70      0.1722      0.991     0.5278     0.861  1.0e-03     0.56
    80      0.1457      0.986     0.5374     0.833  1.0e-03     0.56
    90      0.1244      0.991     0.5355     0.833  1.0e-03     0.56
   100      0.0795      1.000     0.5704     0.847  1.0e-03     0.56
   110      0.0730      1.000     0.4118     0.861  1.0e-03     0.56
   120      0.0625      1.000     0.5977     0.764  1.0e-03     0.56
   130      0.0481      1.000     0.4676     0.833  1.0e-03     0.56
   140      0.0850      0.995     1.6123     0.556  1.0e-03     0.56
   150      0.0296      1.000     0.2878     0.917  1.0e-03     0.56
   160      0.0230      1.000     0.3062     0.910  1.0e-03     0.56
   170      0.0169      1.000     0.3652     0.910  1.0e-03     0.56
   180      0.0117      1.000     0.2467     0.938  1.0e-03     0.56
   190      0.0316      0.995     1.0113     0.660  1.0e-03     0.56
   200      0.0134      1.000     0.2617     0.938  1.0e-03     0.56
   210      0.0269      1.000     0.5687     0.812  1.0e-03     0.56
   220      0.0093      1.000     0.2918     0.910  1.0e-03     0.56
   230      0.0211      0.991     0.4210     0.861  1.0e-03     0.56
   240      0.0183      1.000     0.3026     0.924  1.0e-03     0.56
   250      0.0085      1.000     0.2668     0.924  1.0e-03     0.56
   260      0.0114      1.000     0.3695     0.896  1.0e-03     0.56
   270      0.0071      1.000     0.2780     0.903  1.0e-03     0.56
   280      0.0042      1.000     0.2136     0.931  1.0e-03     0.56
   290      0.0065      1.000     0.1964     0.944  1.0e-03     0.56
   300      0.0033      1.000     0.2099     0.951  1.0e-03     0.56
test accuracy, allWords_Voiced seed 1:
  at lowest train loss (ours)  0.931  (epoch 298)
  best across epochs (ours)    0.951  (epoch 279)
  final epoch                  0.951
  saved model from epoch 279 to results/allWords_Voiced_seed1_bestTestAccuracy.pt
=== allWords_Voiced, seed 2
 epoch  train loss  train acc  test loss  test acc       lr  s/epoch
    10      2.3105      0.454     2.2271     0.424  1.0e-03     0.56
    20      1.4203      0.745     1.9128     0.417  1.0e-03     0.56
    30      0.9600      0.856     1.1741     0.694  1.0e-03     0.56
    40      0.6030      0.954     0.9385     0.812  1.0e-03     0.56
    50      0.4259      0.977     0.8885     0.722  1.0e-03     0.56
    60      0.3158      0.981     0.9009     0.729  1.0e-03     0.56
    70      0.2198      0.977     0.6001     0.833  1.0e-03     0.56
    80      0.1607      0.991     0.5374     0.882  1.0e-03     0.56
    90      0.1132      1.000     0.3995     0.910  1.0e-03     0.56
   100      0.0901      0.995     0.6048     0.799  1.0e-03     0.56
   110      0.0700      1.000     0.3786     0.924  1.0e-03     0.56
   120      0.0731      0.986     0.5466     0.847  1.0e-03     0.56
   130      0.0501      1.000     0.3842     0.910  1.0e-03     0.56
   140      0.0243      1.000     0.3075     0.910  1.0e-03     0.56
   150      0.0312      1.000     0.4753     0.833  1.0e-03     0.56
   160      0.0627      1.000     0.8088     0.722  1.0e-03     0.56
   170      0.0334      1.000     0.3673     0.910  1.0e-03     0.56
   180      0.0195      1.000     0.3526     0.896  1.0e-03     0.56
   190      0.0092      1.000     0.2645     0.931  1.0e-03     0.56
   200      0.0086      1.000     0.2823     0.924  1.0e-03     0.56
   210      0.0090      1.000     0.2921     0.903  1.0e-03     0.56
   220      0.0458      1.000     0.7245     0.778  1.0e-03     0.56
   230      0.0093      1.000     0.2376     0.951  1.0e-03     0.56
   240      0.0096      1.000     0.2168     0.944  1.0e-03     0.56
   250      0.0048      1.000     0.2378     0.944  1.0e-03     0.56
   260      0.0036      1.000     0.2300     0.944  1.0e-03     0.56
   270      0.0037      1.000     0.2286     0.931  1.0e-03     0.56
   280      0.0046      1.000     0.3510     0.875  1.0e-03     0.56
   290      0.0040      1.000     0.2358     0.924  1.0e-03     0.56
   300      0.0035      1.000     0.2374     0.951  1.0e-03     0.56
test accuracy, allWords_Voiced seed 2:
  at lowest train loss (ours)  0.938  (epoch 263)
  best across epochs (ours)    0.965  (epoch 104)
  final epoch                  0.951
  saved model from epoch 104 to results/allWords_Voiced_seed2_bestTestAccuracy.pt
=== allWords_Voiced, seed 3
 epoch  train loss  train acc  test loss  test acc       lr  s/epoch
    10      2.0440      0.583     2.1572     0.347  1.0e-03     0.56
    20      1.2643      0.764     1.6532     0.514  1.0e-03     0.56
    30      0.8840      0.875     1.2396     0.681  1.0e-03     0.56
    40      0.5483      0.963     1.2697     0.618  1.0e-03     0.56
    50      0.3890      0.968     0.9417     0.743  1.0e-03     0.56
    60      0.2889      0.991     1.2630     0.618  1.0e-03     0.56
    70      0.1637      0.995     0.6108     0.840  1.0e-03     0.56
    80      0.1795      0.986     0.6585     0.806  1.0e-03     0.56
    90      0.0899      1.000     0.8409     0.729  1.0e-03     0.56
   100      0.0681      1.000     0.4472     0.882  1.0e-03     0.56
   110      0.0566      1.000     0.4620     0.861  1.0e-03     0.56
   120      0.0441      1.000     0.4844     0.854  1.0e-03     0.56
   130      0.0305      1.000     0.3632     0.882  1.0e-03     0.56
   140      0.0248      1.000     0.4366     0.882  1.0e-03     0.56
   150      0.0251      1.000     0.5770     0.847  1.0e-03     0.56
   160      0.1191      0.986     0.9655     0.681  1.0e-03     0.56
   170      0.0218      1.000     0.3682     0.889  1.0e-03     0.56
   180      0.0159      1.000     0.2806     0.924  1.0e-03     0.56
   190      0.0218      1.000     0.2939     0.917  1.0e-03     0.56
   200      0.0131      1.000     0.3478     0.882  1.0e-03     0.56
   210      0.0085      1.000     0.2715     0.917  1.0e-03     0.56
   220      0.0099      1.000     0.2806     0.910  1.0e-03     0.56
   230      0.0104      1.000     0.2711     0.924  1.0e-03     0.56
   240      0.0070      1.000     0.2960     0.924  1.0e-03     0.56
   250      0.0062      1.000     0.2298     0.931  1.0e-03     0.56
   260      0.0620      0.991     1.9221     0.556  1.0e-03     0.56
   270      0.0373      1.000     0.4478     0.861  1.0e-03     0.56
   280      0.0075      1.000     0.2843     0.924  1.0e-03     0.56
   290      0.0040      1.000     0.2182     0.951  1.0e-03     0.56
   300      0.0036      1.000     0.2091     0.944  1.0e-03     0.56
test accuracy, allWords_Voiced seed 3:
  at lowest train loss (ours)  0.958  (epoch 286)
  best across epochs (ours)    0.972  (epoch 229)
  final epoch                  0.944
  saved model from epoch 229 to results/allWords_Voiced_seed3_bestTestAccuracy.pt
=== allWords_Voiced, seed 4
 epoch  train loss  train acc  test loss  test acc       lr  s/epoch
    10      2.0966      0.602     2.3403     0.306  1.0e-03     0.56
    20      1.3353      0.796     1.5423     0.618  1.0e-03     0.56
    30      0.8482      0.903     1.3043     0.618  1.0e-03     0.56
    40      0.5936      0.935     1.1404     0.653  1.0e-03     0.56
    50      0.4262      0.954     1.0819     0.618  1.0e-03     0.56
    60      0.2661      0.981     0.8453     0.681  1.0e-03     0.56
    70      0.1936      0.986     1.1121     0.590  1.0e-03     0.56
    80      0.1466      1.000     0.4585     0.875  1.0e-03     0.56
    90      0.0856      1.000     0.4631     0.875  1.0e-03     0.56
   100      0.0676      1.000     0.5020     0.854  1.0e-03     0.56
   110      0.1305      0.991     0.9515     0.708  1.0e-03     0.56
   120      0.0654      0.995     0.6974     0.785  1.0e-03     0.56
   130      0.0289      1.000     0.3952     0.868  1.0e-03     0.56
   140      0.0311      1.000     0.3699     0.889  1.0e-03     0.56
   150      0.0242      1.000     0.4183     0.861  1.0e-03     0.56
   160      0.0167      1.000     0.2862     0.938  1.0e-03     0.56
   170      0.0157      1.000     0.2864     0.917  1.0e-03     0.56
   180      0.0656      0.995     0.6999     0.826  1.0e-03     0.56
   190      0.0213      1.000     0.2803     0.924  1.0e-03     0.56
   200      0.0113      1.000     0.3146     0.903  1.0e-03     0.56
   210      0.0084      1.000     0.2369     0.931  1.0e-03     0.56
   220      0.0112      1.000     0.3072     0.896  1.0e-03     0.56
   230      0.0071      1.000     0.2714     0.924  1.0e-03     0.56
   240      0.0058      1.000     0.2232     0.924  1.0e-03     0.56
   250      0.0048      1.000     0.2571     0.938  1.0e-03     0.56
   260      0.0084      1.000     0.2897     0.903  1.0e-03     0.56
   270      0.0074      1.000     0.3041     0.924  1.0e-03     0.56
   280      0.0045      1.000     0.2624     0.917  1.0e-03     0.56
   290      0.0043      1.000     0.2051     0.951  1.0e-03     0.56
   300      0.0035      1.000     0.3145     0.896  1.0e-03     0.56
test accuracy, allWords_Voiced seed 4:
  at lowest train loss (ours)  0.924  (epoch 293)
  best across epochs (ours)    0.958  (epoch 291)
  final epoch                  0.896
  saved model from epoch 291 to results/allWords_Voiced_seed4_bestTestAccuracy.pt
=== allWords_Unvoiced, seed 0
 epoch  train loss  train acc  test loss  test acc       lr  s/epoch
    10      2.2956      0.532     2.2904     0.340  1.0e-03     0.56
    20      1.4185      0.727     1.9547     0.347  1.0e-03     0.56
    30      0.9208      0.866     1.3167     0.653  1.0e-03     0.56
    40      0.6362      0.907     1.5174     0.472  1.0e-03     0.56
    50      0.4199      0.972     1.2691     0.569  1.0e-03     0.56
    60      0.3258      0.972     0.9207     0.708  1.0e-03     0.56
    70      0.2290      0.995     1.0951     0.611  1.0e-03     0.56
    80      0.1788      0.995     1.1326     0.632  1.0e-03     0.56
    90      0.1366      0.991     1.3685     0.604  1.0e-03     0.56
   100      0.1021      1.000     0.6171     0.819  1.0e-03     0.56
   110      0.0572      1.000     0.6931     0.764  1.0e-03     0.56
   120      0.0495      1.000     0.7208     0.778  1.0e-03     0.56
   130      0.0470      1.000     0.7071     0.750  1.0e-03     0.56
   140      0.0467      1.000     0.7522     0.785  1.0e-03     0.56
   150      0.1116      0.991     3.2751     0.347  1.0e-03     0.56
   160      0.0380      1.000     0.7464     0.729  1.0e-03     0.56
   170      0.0152      1.000     0.5766     0.833  1.0e-03     0.56
   180      0.0164      1.000     0.5482     0.840  1.0e-03     0.56
   190      0.0157      1.000     0.5639     0.826  1.0e-03     0.56
   200      0.0580      0.991     1.5514     0.549  1.0e-03     0.56
   210      0.0140      1.000     0.6510     0.819  1.0e-03     0.56
   220      0.0114      1.000     0.5384     0.861  1.0e-03     0.56
   230      0.0115      1.000     0.6239     0.778  1.0e-03     0.56
   240      0.0077      1.000     0.5615     0.833  1.0e-03     0.56
   250      0.0081      1.000     0.5172     0.861  1.0e-03     0.56
   260      0.0058      1.000     0.5579     0.819  1.0e-03     0.56
   270      0.0070      1.000     0.5997     0.840  1.0e-03     0.56
   280      0.0042      1.000     0.5643     0.833  1.0e-03     0.56
   290      0.0043      1.000     0.5529     0.840  1.0e-03     0.56
   300      0.0048      1.000     0.5257     0.819  1.0e-03     0.56
test accuracy, allWords_Unvoiced seed 0:
  at lowest train loss (ours)  0.854  (epoch 292)
  best across epochs (ours)    0.875  (epoch 244)
  final epoch                  0.819
  saved model from epoch 244 to results/allWords_Unvoiced_seed0_bestTestAccuracy.pt
=== allWords_Unvoiced, seed 1
 epoch  train loss  train acc  test loss  test acc       lr  s/epoch
    10      2.3712      0.463     2.3094     0.424  1.0e-03     0.56
    20      1.5214      0.713     1.7205     0.521  1.0e-03     0.56
    30      1.0346      0.824     1.8514     0.375  1.0e-03     0.56
    40      0.6786      0.903     1.4055     0.549  1.0e-03     0.56
    50      0.5084      0.944     1.0252     0.688  1.0e-03     0.56
    60      0.3027      0.986     0.9456     0.708  1.0e-03     0.56
    70      0.2493      0.991     1.0003     0.708  1.0e-03     0.56
    80      0.1788      0.995     0.7788     0.750  1.0e-03     0.56
    90      0.1374      0.995     0.8654     0.757  1.0e-03     0.56
   100      0.1020      1.000     0.8814     0.722  1.0e-03     0.56
   110      0.0703      1.000     0.6398     0.799  1.0e-03     0.56
   120      0.0618      1.000     1.0311     0.715  1.0e-03     0.56
   130      0.0616      1.000     1.1477     0.653  1.0e-03     0.56
   140      0.1481      0.995     1.6301     0.500  1.0e-03     0.56
   150      0.0355      1.000     0.7238     0.764  1.0e-03     0.56
   160      0.0278      1.000     0.6488     0.812  1.0e-03     0.56
   170      0.0236      1.000     0.6787     0.806  1.0e-03     0.56
   180      0.0161      1.000     0.6321     0.826  1.0e-03     0.56
   190      0.0306      1.000     0.8488     0.750  1.0e-03     0.56
   200      0.2188      0.949     3.7902     0.319  1.0e-03     0.56
   210      0.0373      1.000     0.8638     0.701  1.0e-03     0.56
   220      0.0130      1.000     0.5220     0.812  1.0e-03     0.56
   230      0.0132      1.000     0.5383     0.854  1.0e-03     0.56
   240      0.0119      1.000     0.5596     0.833  1.0e-03     0.56
   250      0.0100      1.000     0.6821     0.819  1.0e-03     0.56
   260      0.0097      1.000     0.5447     0.833  1.0e-03     0.56
   270      0.0078      1.000     0.6037     0.819  1.0e-03     0.56
   280      0.0052      1.000     0.5529     0.826  1.0e-03     0.56
   290      0.0069      1.000     0.6259     0.833  1.0e-03     0.56
   300      0.0057      1.000     0.5746     0.819  1.0e-03     0.56
test accuracy, allWords_Unvoiced seed 1:
  at lowest train loss (ours)  0.826  (epoch 286)
  best across epochs (ours)    0.861  (epoch 277)
  final epoch                  0.819
  saved model from epoch 277 to results/allWords_Unvoiced_seed1_bestTestAccuracy.pt
=== allWords_Unvoiced, seed 2
 epoch  train loss  train acc  test loss  test acc       lr  s/epoch
    10      2.3439      0.486     2.3822     0.326  1.0e-03     0.56
    20      1.4622      0.778     1.5860     0.639  1.0e-03     0.56
    30      0.9495      0.810     1.6388     0.507  1.0e-03     0.56
    40      0.6238      0.903     1.4289     0.507  1.0e-03     0.56
    50      0.4557      0.963     1.0782     0.660  1.0e-03     0.56
    60      0.3632      0.954     2.0707     0.389  1.0e-03     0.56
    70      0.2062      0.995     0.9274     0.708  1.0e-03     0.56
    80      0.1799      0.981     0.8179     0.736  1.0e-03     0.56
    90      0.1327      0.995     0.7925     0.743  1.0e-03     0.56
   100      0.0802      1.000     0.6651     0.785  1.0e-03     0.56
   110      0.0821      1.000     1.0529     0.674  1.0e-03     0.57
   120      0.1033      0.995     1.2432     0.562  1.0e-03     0.57
   130      0.0630      1.000     1.1415     0.660  1.0e-03     0.57
   140      0.0267      1.000     0.6471     0.812  1.0e-03     0.57
   150      0.0276      1.000     0.5426     0.826  1.0e-03     0.57
   160      0.0550      0.995     1.1080     0.681  1.0e-03     0.57
   170      0.0528      0.995     2.2202     0.458  1.0e-03     0.57
   180      0.0455      1.000     0.9224     0.743  1.0e-03     0.57
   190      0.0176      1.000     0.5715     0.819  1.0e-03     0.57
   200      0.0142      1.000     0.7040     0.778  1.0e-03     0.57
   210      0.0102      1.000     0.5027     0.847  1.0e-03     0.57
   220      0.0152      1.000     0.5177     0.854  1.0e-03     0.57
   230      0.0738      0.995     1.6045     0.562  1.0e-03     0.57
   240      0.0326      1.000     1.2459     0.618  1.0e-03     0.57
   250      0.0077      1.000     0.5217     0.847  1.0e-03     0.57
   260      0.0046      1.000     0.4678     0.854  1.0e-03     0.57
   270      0.0064      1.000     0.4806     0.861  1.0e-03     0.57
   280      0.0066      1.000     0.5429     0.826  1.0e-03     0.57
   290      0.0149      1.000     0.9135     0.722  1.0e-03     0.57
   300      0.0050      1.000     0.5680     0.847  1.0e-03     0.57
test accuracy, allWords_Unvoiced seed 2:
  at lowest train loss (ours)  0.868  (epoch 283)
  best across epochs (ours)    0.896  (epoch 264)
  final epoch                  0.847
  saved model from epoch 264 to results/allWords_Unvoiced_seed2_bestTestAccuracy.pt
=== allWords_Unvoiced, seed 3
 epoch  train loss  train acc  test loss  test acc       lr  s/epoch
    10      2.1387      0.542     2.2701     0.361  1.0e-03     0.57
    20      1.3738      0.755     1.6269     0.562  1.0e-03     0.57
    30      0.9885      0.796     1.3196     0.597  1.0e-03     0.58
    40      0.6322      0.926     1.1569     0.660  1.0e-03     0.58
    50      0.4465      0.944     1.4834     0.549  1.0e-03     0.58
    60      0.3275      0.981     0.8746     0.743  1.0e-03     0.58
    70      0.2361      0.995     1.0359     0.660  1.0e-03     0.58
    80      0.2187      0.981     0.8151     0.722  1.0e-03     0.58
    90      0.1070      0.995     0.8873     0.715  1.0e-03     0.58
   100      0.0819      1.000     0.6745     0.792  1.0e-03     0.58
   110      0.1110      0.991     0.9341     0.708  1.0e-03     0.58
   120      0.0445      1.000     0.6536     0.812  1.0e-03     0.58
   130      0.0388      1.000     1.0046     0.674  1.0e-03     0.58
   140      0.0662      1.000     3.2886     0.278  1.0e-03     0.58
   150      0.0357      1.000     0.8854     0.715  1.0e-03     0.58
   160      0.0362      0.995     0.8867     0.750  1.0e-03     0.58
   170      0.0198      1.000     0.5810     0.819  1.0e-03     0.59
   180      0.0188      1.000     0.5152     0.847  1.0e-03     0.59
   190      0.0572      0.995     4.4395     0.271  1.0e-03     0.58
   200      0.0388      0.995     1.2587     0.653  1.0e-03     0.58
   210      0.0106      1.000     0.5436     0.854  1.0e-03     0.58
   220      0.0153      1.000     0.5419     0.854  1.0e-03     0.58
   230      0.0075      1.000     0.8067     0.764  1.0e-03     0.58
   240      0.0083      1.000     0.4798     0.875  1.0e-03     0.59
   250      0.0944      0.977     2.1289     0.569  1.0e-03     0.59
   260      0.0140      1.000     0.6169     0.833  1.0e-03     0.59
   270      0.0094      1.000     0.4470     0.868  1.0e-03     0.59
   280      0.0068      1.000     0.4428     0.875  1.0e-03     0.59
   290      0.0079      1.000     0.4657     0.882  1.0e-03     0.59
   300      0.0061      1.000     0.4883     0.854  1.0e-03     0.59
test accuracy, allWords_Unvoiced seed 3:
  at lowest train loss (ours)  0.875  (epoch 286)
  best across epochs (ours)    0.917  (epoch 284)
  final epoch                  0.854
  saved model from epoch 284 to results/allWords_Unvoiced_seed3_bestTestAccuracy.pt
=== allWords_Unvoiced, seed 4
 epoch  train loss  train acc  test loss  test acc       lr  s/epoch
    10      2.2000      0.556     2.3217     0.361  1.0e-03     0.59
    20      1.4113      0.731     1.8808     0.410  1.0e-03     0.58
    30      0.9092      0.852     1.4867     0.569  1.0e-03     0.58
    40      0.6431      0.903     1.8424     0.410  1.0e-03     0.58
    50      0.5507      0.940     1.4674     0.597  1.0e-03     0.58
    60      0.3372      0.949     1.7254     0.479  1.0e-03     0.59
    70      0.2276      0.986     1.0138     0.681  1.0e-03     0.59
    80      0.1945      1.000     0.9801     0.653  1.0e-03     0.59
    90      0.1110      1.000     0.7412     0.792  1.0e-03     0.59
   100      0.0952      1.000     0.7818     0.743  1.0e-03     0.59
   110      0.1186      0.991     1.4840     0.535  1.0e-03     0.59
   120      0.0740      1.000     0.7633     0.771  1.0e-03     0.58
   130      0.0384      1.000     0.5844     0.819  1.0e-03     0.59
   140      0.1020      0.991     1.1869     0.653  1.0e-03     0.59
   150      0.0387      1.000     1.0302     0.688  1.0e-03     0.59
   160      0.0260      1.000     0.6271     0.799  1.0e-03     0.59
   170      0.0379      1.000     0.8703     0.722  1.0e-03     0.59
   180      0.0246      0.995     0.7011     0.799  1.0e-03     0.59
   190      0.0151      1.000     0.5226     0.854  1.0e-03     0.59
   200      0.0147      1.000     0.5365     0.868  1.0e-03     0.59
   210      0.0112      1.000     0.5744     0.840  1.0e-03     0.59
   220      0.0104      1.000     0.5277     0.861  1.0e-03     0.59
   230      0.0086      1.000     0.5489     0.854  1.0e-03     0.59
   240      0.0397      0.995     1.3315     0.604  1.0e-03     0.59
   250      0.0076      1.000     0.5857     0.826  1.0e-03     0.59
   260      0.0070      1.000     0.5394     0.847  1.0e-03     0.59
   270      0.0279      0.995     1.3369     0.694  1.0e-03     0.59
   280      0.0141      1.000     0.8041     0.771  1.0e-03     0.59
   290      0.0082      1.000     0.5833     0.799  1.0e-03     0.59
   300      0.0529      0.995     1.3150     0.618  1.0e-03     0.59
test accuracy, allWords_Unvoiced seed 4:
  at lowest train loss (ours)  0.847  (epoch 258)
  best across epochs (ours)    0.875  (epoch 257)
  final epoch                  0.618
  saved model from epoch 257 to results/allWords_Unvoiced_seed4_bestTestAccuracy.pt
