=== allPhonemes_Voiced: train (228, 22, 7500), test (152, 22, 7500), 38 classes
  allPhonemes_Voiced seed 0 epoch   10/500: train loss 2.8127, train acc 0.193, test loss 2.8121, test acc 0.158, lr 1.0e-03, 0.64 s/epoch
  allPhonemes_Voiced seed 0 epoch   20/500: train loss 2.2233, train acc 0.368, test loss 3.3447, test acc 0.112, lr 1.0e-03, 0.63 s/epoch
  allPhonemes_Voiced seed 0 epoch   30/500: train loss 1.7603, train acc 0.592, test loss 2.3389, test acc 0.263, lr 1.0e-03, 0.63 s/epoch
  allPhonemes_Voiced seed 0 epoch   40/500: train loss 1.4709, train acc 0.614, test loss 2.0749, test acc 0.342, lr 1.0e-03, 0.62 s/epoch
  allPhonemes_Voiced seed 0 epoch   50/500: train loss 1.2316, train acc 0.741, test loss 2.5930, test acc 0.243, lr 1.0e-03, 0.62 s/epoch
  allPhonemes_Voiced seed 0 epoch   60/500: train loss 1.0650, train acc 0.741, test loss 1.7222, test acc 0.454, lr 1.0e-03, 0.62 s/epoch
  allPhonemes_Voiced seed 0 epoch   70/500: train loss 0.9625, train acc 0.776, test loss 1.9077, test acc 0.421, lr 1.0e-03, 0.62 s/epoch
  allPhonemes_Voiced seed 0 epoch   80/500: train loss 0.7909, train acc 0.833, test loss 1.4971, test acc 0.493, lr 1.0e-03, 0.62 s/epoch
  allPhonemes_Voiced seed 0 epoch   90/500: train loss 0.7222, train acc 0.877, test loss 3.3356, test acc 0.224, lr 1.0e-03, 0.62 s/epoch
  allPhonemes_Voiced seed 0 epoch  100/500: train loss 0.6763, train acc 0.904, test loss 3.2974, test acc 0.211, lr 1.0e-03, 0.62 s/epoch
  allPhonemes_Voiced seed 0 epoch  110/500: train loss 0.5356, train acc 0.921, test loss 1.4454, test acc 0.586, lr 1.0e-03, 0.62 s/epoch
  allPhonemes_Voiced seed 0 epoch  120/500: train loss 0.5623, train acc 0.899, test loss 4.0350, test acc 0.164, lr 1.0e-03, 0.62 s/epoch
  allPhonemes_Voiced seed 0 epoch  130/500: train loss 0.3860, train acc 0.969, test loss 2.6525, test acc 0.289, lr 1.0e-03, 0.62 s/epoch
  allPhonemes_Voiced seed 0 epoch  140/500: train loss 0.3220, train acc 0.974, test loss 1.6075, test acc 0.533, lr 1.0e-03, 0.62 s/epoch
  allPhonemes_Voiced seed 0 epoch  150/500: train loss 0.3049, train acc 0.987, test loss 2.1661, test acc 0.382, lr 1.0e-03, 0.62 s/epoch
  allPhonemes_Voiced seed 0 epoch  160/500: train loss 0.2923, train acc 0.974, test loss 2.1220, test acc 0.395, lr 1.0e-03, 0.62 s/epoch
  allPhonemes_Voiced seed 0 epoch  170/500: train loss 0.2752, train acc 0.956, test loss 2.1585, test acc 0.395, lr 1.0e-03, 0.62 s/epoch
  allPhonemes_Voiced seed 0 epoch  180/500: train loss 0.2412, train acc 0.991, test loss 1.4664, test acc 0.507, lr 1.0e-03, 0.62 s/epoch
  allPhonemes_Voiced seed 0 epoch  190/500: train loss 0.1945, train acc 0.987, test loss 1.9099, test acc 0.480, lr 1.0e-03, 0.62 s/epoch
  allPhonemes_Voiced seed 0 epoch  200/500: train loss 0.1736, train acc 0.991, test loss 1.7217, test acc 0.480, lr 1.0e-03, 0.62 s/epoch
  allPhonemes_Voiced seed 0 epoch  210/500: train loss 0.1368, train acc 0.991, test loss 1.3574, test acc 0.632, lr 1.0e-03, 0.62 s/epoch
  allPhonemes_Voiced seed 0 epoch  220/500: train loss 0.1762, train acc 0.991, test loss 1.7529, test acc 0.487, lr 1.0e-03, 0.62 s/epoch
  allPhonemes_Voiced seed 0 epoch  230/500: train loss 0.1580, train acc 0.978, test loss 2.2359, test acc 0.467, lr 1.0e-03, 0.62 s/epoch
  allPhonemes_Voiced seed 0 epoch  240/500: train loss 0.1583, train acc 0.987, test loss 3.4542, test acc 0.296, lr 1.0e-03, 0.62 s/epoch
  allPhonemes_Voiced seed 0 epoch  250/500: train loss 0.1420, train acc 0.991, test loss 1.7012, test acc 0.467, lr 1.0e-03, 0.62 s/epoch
  allPhonemes_Voiced seed 0 epoch  260/500: train loss 0.0650, train acc 0.996, test loss 1.5102, test acc 0.559, lr 1.0e-03, 0.62 s/epoch
  allPhonemes_Voiced seed 0 epoch  270/500: train loss 0.1549, train acc 0.987, test loss 1.5807, test acc 0.572, lr 1.0e-03, 0.62 s/epoch
  allPhonemes_Voiced seed 0 epoch  280/500: train loss 0.1340, train acc 0.991, test loss 2.8247, test acc 0.368, lr 1.0e-03, 0.62 s/epoch
  allPhonemes_Voiced seed 0 epoch  290/500: train loss 0.1616, train acc 0.987, test loss 3.2230, test acc 0.316, lr 1.0e-03, 0.62 s/epoch
  allPhonemes_Voiced seed 0 epoch  300/500: train loss 0.0932, train acc 1.000, test loss 3.0755, test acc 0.336, lr 1.0e-03, 0.61 s/epoch
  allPhonemes_Voiced seed 0 epoch  310/500: train loss 0.1562, train acc 0.982, test loss 3.1685, test acc 0.309, lr 1.0e-03, 0.61 s/epoch
  allPhonemes_Voiced seed 0 epoch  320/500: train loss 0.0627, train acc 0.991, test loss 1.3879, test acc 0.632, lr 1.0e-03, 0.61 s/epoch
  allPhonemes_Voiced seed 0 epoch  330/500: train loss 0.1314, train acc 0.978, test loss 1.8690, test acc 0.487, lr 1.0e-03, 0.61 s/epoch
  allPhonemes_Voiced seed 0 epoch  340/500: train loss 0.1557, train acc 0.974, test loss 3.2851, test acc 0.283, lr 1.0e-03, 0.61 s/epoch
  allPhonemes_Voiced seed 0 epoch  350/500: train loss 0.0907, train acc 0.991, test loss 1.9137, test acc 0.395, lr 1.0e-03, 0.61 s/epoch
  allPhonemes_Voiced seed 0 epoch  360/500: train loss 0.0426, train acc 0.996, test loss 1.1577, test acc 0.572, lr 5.0e-04, 0.61 s/epoch
  allPhonemes_Voiced seed 0 epoch  370/500: train loss 0.0379, train acc 1.000, test loss 1.5997, test acc 0.553, lr 5.0e-04, 0.61 s/epoch
  allPhonemes_Voiced seed 0 epoch  380/500: train loss 0.0598, train acc 0.996, test loss 1.3730, test acc 0.579, lr 5.0e-04, 0.61 s/epoch
  allPhonemes_Voiced seed 0 epoch  390/500: train loss 0.0258, train acc 1.000, test loss 1.4951, test acc 0.500, lr 5.0e-04, 0.61 s/epoch
  allPhonemes_Voiced seed 0 epoch  400/500: train loss 0.0271, train acc 1.000, test loss 1.0232, test acc 0.625, lr 5.0e-04, 0.61 s/epoch
  allPhonemes_Voiced seed 0 epoch  410/500: train loss 0.0264, train acc 1.000, test loss 1.0706, test acc 0.664, lr 5.0e-04, 0.61 s/epoch
  allPhonemes_Voiced seed 0 epoch  420/500: train loss 0.0289, train acc 1.000, test loss 1.2957, test acc 0.592, lr 5.0e-04, 0.61 s/epoch
  allPhonemes_Voiced seed 0 epoch  430/500: train loss 0.0302, train acc 0.996, test loss 1.1348, test acc 0.612, lr 5.0e-04, 0.61 s/epoch
=== allPhonemes_Voiced, seed 0
 epoch  train loss  train acc  test loss  test acc       lr  s/epoch
    10      2.8124      0.197     2.8086     0.151  1.0e-03     0.64
    20      2.2230      0.373     3.1784     0.125  1.0e-03     0.63
    30      1.7621      0.592     2.3448     0.270  1.0e-03     0.63
    40      1.4712      0.605     2.0786     0.329  1.0e-03     0.63
    50      1.2309      0.746     2.5596     0.250  1.0e-03     0.63
    60      1.0646      0.750     1.7685     0.434  1.0e-03     0.63
    70      0.9600      0.789     1.9874     0.408  1.0e-03     0.63
    80      0.7926      0.838     1.5275     0.500  1.0e-03     0.63
    90      0.7282      0.868     3.0653     0.237  1.0e-03     0.63
   100      0.6752      0.908     3.3972     0.224  1.0e-03     0.63
   110      0.5346      0.921     1.5014     0.520  1.0e-03     0.63
   120      0.5587      0.899     4.3941     0.125  1.0e-03     0.63
   130      0.3778      0.974     2.4040     0.316  1.0e-03     0.63
   140      0.3217      0.974     1.5802     0.572  1.0e-03     0.63
   150      0.2950      0.987     2.1163     0.401  1.0e-03     0.63
   160      0.2966      0.974     2.1497     0.382  1.0e-03     0.63
   170      0.2775      0.961     2.1096     0.388  1.0e-03     0.63
   180      0.2410      0.991     1.5796     0.487  1.0e-03     0.63
   190      0.1877      0.987     2.0846     0.414  1.0e-03     0.63
=== allPhonemes_Voiced, seed 0
 epoch  train loss  train acc  test loss  test acc       lr  s/epoch
    10      2.8121      0.193     2.8090     0.145  1.0e-03     0.60
    20      2.2219      0.368     3.2874     0.125  1.0e-03     0.60
    30      1.7620      0.592     2.3595     0.270  1.0e-03     0.60
    40      1.4697      0.601     2.0893     0.342  1.0e-03     0.61
    50      1.2312      0.746     2.5560     0.257  1.0e-03     0.62
    60      1.0653      0.741     1.7204     0.454  1.0e-03     0.62
    70      0.9596      0.781     1.9404     0.421  1.0e-03     0.62
    80      0.7943      0.842     1.4936     0.500  1.0e-03     0.62
    90      0.7221      0.873     3.1035     0.224  1.0e-03     0.63
   100      0.6757      0.899     3.3189     0.217  1.0e-03     0.63
   110      0.5333      0.921     1.5281     0.546  1.0e-03     0.63
   120      0.5609      0.904     4.2828     0.132  1.0e-03     0.63
   130      0.3770      0.978     2.1940     0.349  1.0e-03     0.63
   140      0.3207      0.974     1.5494     0.559  1.0e-03     0.63
   150      0.3029      0.982     2.1292     0.388  1.0e-03     0.63
   160      0.2926      0.974     2.2131     0.355  1.0e-03     0.63
   170      0.2848      0.956     1.9805     0.408  1.0e-03     0.63
   180      0.2452      0.987     1.6019     0.454  1.0e-03     0.63
   190      0.1901      0.987     1.9280     0.447  1.0e-03     0.63
   200      0.1707      0.996     1.5712     0.507  1.0e-03     0.63
   210      0.1330      0.991     1.4772     0.559  1.0e-03     0.63
   220      0.1663      0.987     2.3111     0.382  1.0e-03     0.63
   230      0.1508      0.982     2.2460     0.441  1.0e-03     0.62
   240      0.1505      0.987     2.6955     0.355  1.0e-03     0.62
   250      0.1370      0.991     1.9695     0.447  1.0e-03     0.62
   260      0.0649      0.996     1.4523     0.572  1.0e-03     0.62
   270      0.1439      0.991     1.5877     0.539  1.0e-03     0.62
   280      0.1337      0.991     2.5957     0.395  1.0e-03     0.62
   290      0.1783      0.982     3.2444     0.316  1.0e-03     0.62
   300      0.0976      1.000     2.9265     0.329  1.0e-03     0.62
test accuracy, allPhonemes_Voiced seed 0:
  at lowest train loss (Wang)  0.553  (epoch 259)
  best across epochs (repo)    0.651  (epoch 207)
  final epoch                  0.329
  saved model from epoch 207 to results/allPhonemes_Voiced_seed0_bestTestAccuracy.pt
=== allPhonemes_Voiced, seed 1
 epoch  train loss  train acc  test loss  test acc       lr  s/epoch
    10      2.7766      0.206     2.8427     0.178  1.0e-03     0.59
    20      2.2178      0.368     2.4359     0.211  1.0e-03     0.59
    30      1.8298      0.461     2.1742     0.336  1.0e-03     0.59
    40      1.5673      0.588     2.4350     0.211  1.0e-03     0.59
    50      1.3482      0.658     2.1669     0.349  1.0e-03     0.59
    60      1.0972      0.785     1.8407     0.428  1.0e-03     0.59
    70      0.9309      0.846     1.8544     0.493  1.0e-03     0.59
    80      0.8371      0.829     3.5322     0.158  1.0e-03     0.59
    90      0.7185      0.864     1.4505     0.572  1.0e-03     0.59
   100      0.6362      0.886     1.8796     0.428  1.0e-03     0.59
   110      0.5505      0.930     1.8438     0.414  1.0e-03     0.59
   120      0.5085      0.925     1.8712     0.447  1.0e-03     0.59
   130      0.4357      0.943     1.9956     0.454  1.0e-03     0.59
   140      0.3888      0.947     2.3867     0.395  1.0e-03     0.59
   150      0.3094      0.961     1.9528     0.493  1.0e-03     0.59
   160      0.2943      0.987     1.7716     0.428  1.0e-03     0.59
   170      0.2432      0.987     1.4286     0.618  1.0e-03     0.59
   180      0.2352      0.978     2.5580     0.362  1.0e-03     0.59
   190      0.2743      0.969     1.3349     0.632  1.0e-03     0.59
   200      0.2352      0.961     2.2879     0.428  1.0e-03     0.59
   210      0.2332      0.969     2.0918     0.408  1.0e-03     0.59
   220      0.1613      0.996     2.2699     0.447  1.0e-03     0.59
   230      0.2080      0.978     1.4804     0.566  1.0e-03     0.59
   240      0.1402      0.982     1.3714     0.579  1.0e-03     0.59
   250      0.1319      0.978     2.7386     0.342  1.0e-03     0.59
   260      0.1900      0.982     2.8478     0.309  1.0e-03     0.59
   270      0.1026      0.996     1.6264     0.586  1.0e-03     0.59
   280      0.0995      0.991     1.3473     0.612  1.0e-03     0.59
   290      0.0910      0.991     1.8182     0.493  1.0e-03     0.59
   300      0.1132      1.000     1.2767     0.592  1.0e-03     0.59
test accuracy, allPhonemes_Voiced seed 1:
  at lowest train loss (Wang)  0.513  (epoch 288)
  best across epochs (repo)    0.645  (epoch 279)
  final epoch                  0.592
  saved model from epoch 279 to results/allPhonemes_Voiced_seed1_bestTestAccuracy.pt
=== allPhonemes_Voiced, seed 2
 epoch  train loss  train acc  test loss  test acc       lr  s/epoch
    10      2.7225      0.285     2.7788     0.263  1.0e-03     0.59
    20      2.0857      0.443     2.4281     0.250  1.0e-03     0.59
    30      1.7622      0.522     2.1425     0.329  1.0e-03     0.59
    40      1.5203      0.588     1.9555     0.388  1.0e-03     0.59
    50      1.3521      0.662     2.4680     0.230  1.0e-03     0.59
    60      1.1169      0.772     2.5228     0.257  1.0e-03     0.59
    70      1.0394      0.754     2.3268     0.362  1.0e-03     0.59
    80      0.8237      0.890     1.6166     0.480  1.0e-03     0.59
    90      0.7026      0.882     1.6469     0.414  1.0e-03     0.59
   100      0.6805      0.886     1.4681     0.513  1.0e-03     0.59
   110      0.5142      0.930     2.4782     0.257  1.0e-03     0.59
   120      0.4888      0.943     1.4363     0.533  1.0e-03     0.59
   130      0.4360      0.956     2.9808     0.250  1.0e-03     0.59
   140      0.3745      0.965     1.6669     0.454  1.0e-03     0.59
   150      0.3498      0.961     1.3798     0.599  1.0e-03     0.59
   160      0.3146      0.965     2.1714     0.322  1.0e-03     0.59
   170      0.2783      0.969     2.4919     0.276  1.0e-03     0.59
   180      0.2684      0.969     4.7135     0.164  1.0e-03     0.59
   190      0.1967      0.991     1.8918     0.441  1.0e-03     0.59
   200      0.3522      0.912     3.0335     0.257  1.0e-03     0.59
   210      0.2219      0.978     5.6583     0.197  1.0e-03     0.59
   220      0.1811      0.969     5.1285     0.237  1.0e-03     0.59
   230      0.1254      0.991     2.5888     0.375  1.0e-03     0.59
   240      0.0816      1.000     1.5106     0.513  1.0e-03     0.59
   250      0.1372      0.996     2.1067     0.467  1.0e-03     0.59
   260      0.1298      0.996     3.0923     0.368  1.0e-03     0.59
   270      0.1203      0.991     1.3969     0.539  1.0e-03     0.59
   280      0.2140      0.974     5.7001     0.086  1.0e-03     0.59
   290      0.0497      1.000     1.2702     0.533  1.0e-03     0.59
   300      0.0603      1.000     1.7185     0.539  1.0e-03     0.59
test accuracy, allPhonemes_Voiced seed 2:
  at lowest train loss (Wang)  0.658  (epoch 287)
  best across epochs (repo)    0.658  (epoch 287)
  final epoch                  0.539
  saved model from epoch 287 to results/allPhonemes_Voiced_seed2_bestTestAccuracy.pt
=== allPhonemes_Voiced, seed 3
 epoch  train loss  train acc  test loss  test acc       lr  s/epoch
    10      2.7139      0.237     2.8057     0.224  1.0e-03     0.59
    20      2.0713      0.465     2.7154     0.171  1.0e-03     0.59
    30      1.6804      0.531     2.4047     0.329  1.0e-03     0.59
    40      1.4422      0.618     1.9370     0.349  1.0e-03     0.59
    50      1.2188      0.750     1.9826     0.270  1.0e-03     0.59
    60      1.2167      0.746     3.0634     0.270  1.0e-03     0.59
    70      0.9232      0.785     1.8474     0.382  1.0e-03     0.59
    80      0.7693      0.877     1.6840     0.461  1.0e-03     0.59
    90      0.7109      0.882     2.2158     0.329  1.0e-03     0.59
   100      0.5632      0.930     1.6122     0.480  1.0e-03     0.59
   110      0.5366      0.912     1.8612     0.388  1.0e-03     0.59
   120      0.4127      0.961     1.5284     0.480  1.0e-03     0.59
   130      0.4064      0.965     1.3446     0.566  1.0e-03     0.59
   140      0.3170      0.969     1.2893     0.638  1.0e-03     0.59
   150      0.2639      0.987     1.1883     0.592  1.0e-03     0.59
   160      0.2995      0.943     1.4835     0.533  1.0e-03     0.59
   170      0.3511      0.961     3.1418     0.263  1.0e-03     0.59
   180      0.2555      0.982     2.6490     0.368  1.0e-03     0.59
   190      0.1387      0.996     1.4137     0.566  1.0e-03     0.59
   200      0.1910      0.982     2.3675     0.421  1.0e-03     0.59
   210      0.2964      0.939     5.0873     0.145  1.0e-03     0.59
   220      0.1970      0.987     1.3185     0.605  1.0e-03     0.59
   230      0.1568      1.000     1.3780     0.592  1.0e-03     0.59
   240      0.1561      0.987     2.2702     0.401  1.0e-03     0.59
   250      0.1714      0.987     1.5931     0.520  1.0e-03     0.59
   260      0.1011      0.991     1.1223     0.684  1.0e-03     0.59
   270      0.2149      0.952     2.7221     0.382  1.0e-03     0.59
   280      0.1443      0.978     1.3731     0.586  1.0e-03     0.59
   290      0.1543      0.987     2.0644     0.447  1.0e-03     0.59
   300      0.1682      0.978     2.1288     0.428  1.0e-03     0.59
test accuracy, allPhonemes_Voiced seed 3:
  at lowest train loss (Wang)  0.592  (epoch 262)
  best across epochs (repo)    0.691  (epoch 233)
  final epoch                  0.428
  saved model from epoch 233 to results/allPhonemes_Voiced_seed3_bestTestAccuracy.pt
=== allPhonemes_Voiced, seed 4
 epoch  train loss  train acc  test loss  test acc       lr  s/epoch
    10      2.7909      0.180     2.8072     0.145  1.0e-03     0.59
    20      2.1437      0.395     2.6467     0.145  1.0e-03     0.59
    30      1.7704      0.544     2.1294     0.388  1.0e-03     0.59
    40      1.4601      0.680     1.9849     0.368  1.0e-03     0.59
    50      1.2668      0.667     1.8333     0.414  1.0e-03     0.59
    60      1.0037      0.829     2.6202     0.230  1.0e-03     0.59
    70      0.9196      0.842     1.5746     0.500  1.0e-03     0.59
    80      0.8117      0.873     1.4539     0.533  1.0e-03     0.59
    90      0.6622      0.882     1.7460     0.500  1.0e-03     0.59
   100      0.5502      0.952     1.5709     0.467  1.0e-03     0.59
   110      0.5317      0.925     1.5670     0.500  1.0e-03     0.59
   120      0.5390      0.912     1.2150     0.579  1.0e-03     0.59
   130      0.4443      0.934     1.2435     0.612  1.0e-03     0.59
   140      0.3826      0.978     1.8453     0.447  1.0e-03     0.59
   150      0.2487      0.987     1.2828     0.579  1.0e-03     0.59
   160      0.3478      0.952     1.4194     0.539  1.0e-03     0.59
   170      0.1928      0.996     1.8448     0.507  1.0e-03     0.59
   180      0.2697      0.969     1.7399     0.546  1.0e-03     0.59
   190      0.2119      0.982     1.7049     0.447  1.0e-03     0.59
   200      0.3318      0.943     2.6129     0.329  1.0e-03     0.59
   210      0.1783      0.987     1.6400     0.566  1.0e-03     0.59
   220      0.2497      0.952     1.8629     0.441  1.0e-03     0.59
   230      0.1274      0.991     1.2404     0.572  1.0e-03     0.59
   240      0.1935      0.987     1.7163     0.500  1.0e-03     0.59
   250      0.1660      0.974     1.3053     0.592  1.0e-03     0.59
   260      0.2777      0.956     2.3351     0.368  1.0e-03     0.59
   270      0.1703      0.982     1.3368     0.579  1.0e-03     0.59
   280      0.1519      0.982     1.9649     0.474  1.0e-03     0.59
   290      0.1414      0.987     1.3646     0.605  1.0e-03     0.59
   300      0.1182      0.996     2.0903     0.421  1.0e-03     0.59
test accuracy, allPhonemes_Voiced seed 4:
  at lowest train loss (Wang)  0.507  (epoch 293)
  best across epochs (repo)    0.691  (epoch 168)
  final epoch                  0.421
  saved model from epoch 168 to results/allPhonemes_Voiced_seed4_bestTestAccuracy.pt
=== allPhonemes_Unvoiced, seed 0
 epoch  train loss  train acc  test loss  test acc       lr  s/epoch
    10      2.5616      0.298     2.7728     0.197  1.0e-03     0.59
    20      1.9691      0.417     2.4649     0.257  1.0e-03     0.59
    30      1.6061      0.544     2.0498     0.329  1.0e-03     0.59
    40      1.3211      0.711     2.1335     0.329  1.0e-03     0.59
    50      1.0767      0.746     2.7559     0.230  1.0e-03     0.59
    60      1.0124      0.746     1.9641     0.395  1.0e-03     0.59
    70      0.8657      0.825     1.9185     0.368  1.0e-03     0.59
    80      0.7597      0.816     1.5557     0.467  1.0e-03     0.59
    90      0.6950      0.855     1.9400     0.441  1.0e-03     0.59
   100      0.5998      0.899     1.9106     0.414  1.0e-03     0.59
   110      0.5327      0.912     2.5803     0.257  1.0e-03     0.59
   120      0.4879      0.934     1.5663     0.500  1.0e-03     0.59
   130      0.4178      0.939     4.0983     0.184  1.0e-03     0.59
   140      0.3044      0.978     1.4655     0.605  1.0e-03     0.59
   150      0.3641      0.947     1.6641     0.513  1.0e-03     0.59
   160      0.3085      0.974     2.3293     0.375  1.0e-03     0.59
   170      0.3250      0.965     1.7645     0.467  1.0e-03     0.59
   180      0.2097      0.991     2.5141     0.368  1.0e-03     0.59
   190      0.1937      0.978     2.1185     0.401  1.0e-03     0.59
   200      0.2556      0.974     1.7914     0.461  1.0e-03     0.59
   210      0.1836      0.987     2.0813     0.428  1.0e-03     0.59
   220      0.1294      0.991     1.6904     0.474  1.0e-03     0.59
   230      0.1127      0.987     1.7091     0.526  1.0e-03     0.59
   240      0.2017      0.974     2.4650     0.441  1.0e-03     0.59
   250      0.1353      0.987     3.4539     0.283  1.0e-03     0.59
   260      0.1545      0.982     1.9883     0.447  1.0e-03     0.59
   270      0.1704      0.969     7.7071     0.132  1.0e-03     0.59
   280      0.1139      0.987     1.6495     0.533  5.0e-04     0.59
   290      0.0747      1.000     1.9019     0.454  5.0e-04     0.59
   300      0.0661      1.000     1.5933     0.572  5.0e-04     0.59
test accuracy, allPhonemes_Unvoiced seed 0:
  at lowest train loss (Wang)  0.434  (epoch 286)
  best across epochs (repo)    0.605  (epoch 140)
  final epoch                  0.572
  saved model from epoch 140 to results/allPhonemes_Unvoiced_seed0_bestTestAccuracy.pt
=== allPhonemes_Unvoiced, seed 1
 epoch  train loss  train acc  test loss  test acc       lr  s/epoch
    10      2.5773      0.259     2.7875     0.191  1.0e-03     0.59
    20      1.9729      0.456     2.2321     0.309  1.0e-03     0.59
    30      1.6542      0.526     2.4544     0.276  1.0e-03     0.59
    40      1.4289      0.627     2.0559     0.408  1.0e-03     0.59
    50      1.2241      0.689     1.9486     0.303  1.0e-03     0.59
    60      1.0895      0.702     2.1877     0.322  1.0e-03     0.59
    70      0.8887      0.794     1.7047     0.454  1.0e-03     0.59
    80      0.7691      0.864     2.2760     0.349  1.0e-03     0.59
    90      0.7078      0.855     2.1451     0.316  1.0e-03     0.59
   100      0.6284      0.864     1.6755     0.441  1.0e-03     0.59
   110      0.5276      0.908     3.4155     0.217  1.0e-03     0.59
   120      0.5056      0.899     2.2105     0.316  1.0e-03     0.59
   130      0.4126      0.947     2.9156     0.316  1.0e-03     0.59
   140      0.3939      0.939     1.4804     0.572  1.0e-03     0.59
   150      0.3511      0.956     1.7656     0.441  1.0e-03     0.59
   160      0.2504      0.965     2.1705     0.382  1.0e-03     0.59
   170      0.3344      0.947     1.5341     0.500  1.0e-03     0.59
   180      0.2503      0.974     3.2483     0.309  1.0e-03     0.59
   190      0.3386      0.943     3.0889     0.322  1.0e-03     0.59
   200      0.2373      0.982     2.0776     0.434  1.0e-03     0.59
   210      0.1756      0.978     2.8606     0.316  1.0e-03     0.59
   220      0.1322      0.987     1.5706     0.572  1.0e-03     0.59
   230      0.1551      0.991     1.8909     0.487  1.0e-03     0.59
   240      0.2011      0.969     2.7243     0.355  1.0e-03     0.59
   250      0.1493      0.991     2.5613     0.375  1.0e-03     0.59
   260      0.1554      0.996     3.9962     0.184  1.0e-03     0.59
   270      0.2034      0.969     2.1527     0.428  1.0e-03     0.59
   280      0.0956      0.996     1.4187     0.586  1.0e-03     0.59
   290      0.1163      0.991     1.7330     0.500  1.0e-03     0.59
   300      0.0965      0.996     2.1185     0.441  1.0e-03     0.59
test accuracy, allPhonemes_Unvoiced seed 1:
  at lowest train loss (Wang)  0.533  (epoch 295)
  best across epochs (repo)    0.625  (epoch 233)
  final epoch                  0.441
  saved model from epoch 233 to results/allPhonemes_Unvoiced_seed1_bestTestAccuracy.pt
=== allPhonemes_Unvoiced, seed 2
 epoch  train loss  train acc  test loss  test acc       lr  s/epoch
    10      2.4509      0.298     2.7413     0.191  1.0e-03     0.59
    20      1.8727      0.452     2.2078     0.309  1.0e-03     0.59
    30      1.6136      0.539     2.5580     0.204  1.0e-03     0.59
    40      1.3825      0.627     2.1498     0.349  1.0e-03     0.59
    50      1.2449      0.636     1.9024     0.368  1.0e-03     0.59
    60      1.0573      0.732     1.5995     0.474  1.0e-03     0.59
    70      0.9075      0.789     1.7662     0.421  1.0e-03     0.59
    80      0.7441      0.899     2.3401     0.309  1.0e-03     0.59
    90      0.6389      0.895     1.6558     0.500  1.0e-03     0.59
   100      0.6539      0.873     1.9415     0.388  1.0e-03     0.59
   110      0.5312      0.899     2.0028     0.447  1.0e-03     0.59
   120      0.5214      0.939     2.4841     0.329  1.0e-03     0.59
   130      0.3530      0.965     1.8122     0.461  1.0e-03     0.59
   140      0.4410      0.947     1.8481     0.447  1.0e-03     0.59
   150      0.3463      0.961     1.6856     0.401  1.0e-03     0.59
   160      0.3836      0.921     1.5848     0.493  1.0e-03     0.59
   170      0.2300      0.974     1.7225     0.474  1.0e-03     0.59
   180      0.2847      0.969     1.6644     0.507  1.0e-03     0.59
   190      0.2643      0.956     2.1363     0.414  1.0e-03     0.59
   200      0.2676      0.969     2.1816     0.395  1.0e-03     0.59
   210      0.2332      0.969     1.8010     0.487  1.0e-03     0.59
   220      0.1835      0.991     2.2620     0.454  1.0e-03     0.59
   230      0.2097      0.965     2.4818     0.349  1.0e-03     0.59
   240      0.1115      0.996     2.0909     0.441  1.0e-03     0.59
   250      0.1327      0.978     1.8339     0.513  1.0e-03     0.59
   260      0.1765      0.969     2.3725     0.395  1.0e-03     0.59
   270      0.1116      0.991     1.6965     0.500  1.0e-03     0.59
   280      0.1058      0.987     1.4154     0.559  1.0e-03     0.59
   290      0.1177      0.978     2.1726     0.421  1.0e-03     0.59
   300      0.1254      0.974     1.6367     0.539  1.0e-03     0.59
test accuracy, allPhonemes_Unvoiced seed 2:
  at lowest train loss (Wang)  0.500  (epoch 281)
  best across epochs (repo)    0.592  (epoch 164)
  final epoch                  0.539
  saved model from epoch 164 to results/allPhonemes_Unvoiced_seed2_bestTestAccuracy.pt
=== allPhonemes_Unvoiced, seed 3
 epoch  train loss  train acc  test loss  test acc       lr  s/epoch
    10      2.4483      0.342     2.9134     0.145  1.0e-03     0.59
    20      1.8977      0.452     2.2414     0.309  1.0e-03     0.59
    30      1.5328      0.579     1.9832     0.388  1.0e-03     0.59
    40      1.3283      0.654     3.4936     0.112  1.0e-03     0.59
    50      1.1069      0.741     2.4194     0.322  1.0e-03     0.59
    60      1.1850      0.728     2.5620     0.263  1.0e-03     0.59
    70      0.9446      0.763     3.3485     0.204  1.0e-03     0.59
    80      0.7985      0.807     2.6992     0.263  1.0e-03     0.59
    90      0.7785      0.816     3.3635     0.197  1.0e-03     0.59
   100      0.6052      0.882     1.9214     0.428  1.0e-03     0.59
   110      0.5777      0.939     2.1388     0.355  1.0e-03     0.59
   120      0.4560      0.943     1.6409     0.507  1.0e-03     0.59
   130      0.5158      0.908     4.8510     0.138  1.0e-03     0.59
   140      0.3791      0.956     1.4502     0.539  1.0e-03     0.59
   150      0.3194      0.978     2.0906     0.382  1.0e-03     0.59
   160      0.2647      0.969     1.9804     0.454  1.0e-03     0.59
   170      0.3808      0.912     1.8362     0.414  1.0e-03     0.59
   180      0.1929      0.987     1.7939     0.421  1.0e-03     0.59
   190      0.2228      0.987     1.6871     0.487  1.0e-03     0.59
   200      0.2185      0.987     5.2492     0.151  1.0e-03     0.59
   210      0.1857      0.991     3.6730     0.263  1.0e-03     0.59
   220      0.2143      0.978     3.2147     0.342  1.0e-03     0.59
   230      0.1916      0.969     5.8003     0.178  1.0e-03     0.59
   240      0.1694      0.987     1.8974     0.480  1.0e-03     0.59
   250      0.1860      0.969     4.1171     0.230  1.0e-03     0.59
   260      0.1644      0.982     1.6510     0.441  1.0e-03     0.59
   270      0.1535      0.982     2.0754     0.395  1.0e-03     0.59
   280      0.1034      0.982     2.0496     0.421  1.0e-03     0.59
   290      0.0858      0.996     2.3508     0.362  1.0e-03     0.59
   300      0.1165      0.991     2.0067     0.474  1.0e-03     0.59
test accuracy, allPhonemes_Unvoiced seed 3:
  at lowest train loss (Wang)  0.362  (epoch 290)
  best across epochs (repo)    0.566  (epoch 153)
  final epoch                  0.474
  saved model from epoch 153 to results/allPhonemes_Unvoiced_seed3_bestTestAccuracy.pt
=== allPhonemes_Unvoiced, seed 4
 epoch  train loss  train acc  test loss  test acc       lr  s/epoch
    10      2.6113      0.232     2.7197     0.270  1.0e-03     0.59
    20      1.9839      0.439     2.6204     0.151  1.0e-03     0.59
    30      1.6825      0.504     1.9626     0.368  1.0e-03     0.59
    40      1.3263      0.667     2.2135     0.303  1.0e-03     0.59
    50      1.1739      0.680     2.6372     0.276  1.0e-03     0.59
    60      0.9787      0.776     1.6601     0.487  1.0e-03     0.59
    70      0.8683      0.803     1.8276     0.441  1.0e-03     0.59
    80      0.8131      0.811     2.1031     0.329  1.0e-03     0.59
    90      0.6622      0.842     1.4689     0.553  1.0e-03     0.59
   100      0.6426      0.877     1.8922     0.355  1.0e-03     0.59
   110      0.5035      0.921     2.2677     0.362  1.0e-03     0.59
   120      0.5264      0.917     1.5380     0.500  1.0e-03     0.59
   130      0.4624      0.925     2.1640     0.362  1.0e-03     0.59
   140      0.5372      0.912     2.8474     0.342  1.0e-03     0.59
   150      0.3312      0.961     1.5407     0.500  1.0e-03     0.59
   160      0.3653      0.961     2.2433     0.395  1.0e-03     0.59
   170      0.2767      0.965     1.6875     0.441  1.0e-03     0.59
   180      0.2364      0.991     2.2600     0.368  1.0e-03     0.59
   190      0.2600      0.982     2.6789     0.388  1.0e-03     0.59
   200      0.2020      0.982     1.6354     0.487  1.0e-03     0.59
   210      0.2256      0.965     2.3249     0.421  1.0e-03     0.59
   220      0.2656      0.947     5.3318     0.204  1.0e-03     0.59
   230      0.1195      0.996     1.4528     0.566  1.0e-03     0.59
   240      0.1282      1.000     2.4661     0.382  1.0e-03     0.59
   250      0.1730      0.978     3.2306     0.316  1.0e-03     0.59
   260      0.2427      0.965     4.4784     0.230  1.0e-03     0.59
   270      0.1328      0.982     2.4258     0.401  1.0e-03     0.59
   280      0.1282      0.982     1.7954     0.526  1.0e-03     0.59
   290      0.1927      0.974     1.8155     0.480  1.0e-03     0.59
   300      0.1014      0.996     1.5896     0.559  1.0e-03     0.59
test accuracy, allPhonemes_Unvoiced seed 4:
  at lowest train loss (Wang)  0.454  (epoch 255)
  best across epochs (repo)    0.618  (epoch 237)
  final epoch                  0.559
  saved model from epoch 237 to results/allPhonemes_Unvoiced_seed4_bestTestAccuracy.pt
=== allWords_Voiced, seed 0
 epoch  train loss  train acc  test loss  test acc       lr  s/epoch
    10      2.6674      0.301     2.7571     0.250  1.0e-03     0.56
    20      1.9911      0.588     2.4734     0.278  1.0e-03     0.56
    30      1.4391      0.792     1.9857     0.403  1.0e-03     0.56
    40      1.0484      0.898     1.6307     0.569  1.0e-03     0.56
    50      0.7117      0.981     1.6773     0.507  1.0e-03     0.56
    60      0.5054      0.981     1.8462     0.389  1.0e-03     0.56
    70      0.3242      0.991     2.2821     0.292  1.0e-03     0.56
    80      0.2354      1.000     2.0454     0.396  1.0e-03     0.56
    90      0.1473      1.000     1.1128     0.701  1.0e-03     0.56
   100      0.1092      1.000     1.1002     0.667  1.0e-03     0.56
   110      0.0743      1.000     0.9862     0.750  1.0e-03     0.56
   120      0.1032      0.991     1.9923     0.451  1.0e-03     0.56
   130      0.0466      1.000     1.2162     0.660  1.0e-03     0.56
   140      0.0349      1.000     0.8376     0.812  1.0e-03     0.56
   150      0.0284      1.000     1.0409     0.694  1.0e-03     0.56
   160      0.0263      1.000     0.8935     0.729  1.0e-03     0.56
   170      0.0242      1.000     1.3556     0.590  1.0e-03     0.56
   180      0.0187      1.000     0.7741     0.799  1.0e-03     0.56
   190      0.0216      1.000     0.9990     0.729  1.0e-03     0.56
   200      0.0210      1.000     0.8599     0.764  1.0e-03     0.56
   210      0.0116      1.000     0.8957     0.750  1.0e-03     0.56
   220      0.0112      1.000     0.7751     0.819  1.0e-03     0.56
   230      0.0431      1.000     2.6835     0.375  1.0e-03     0.56
   240      0.0102      1.000     0.9703     0.729  1.0e-03     0.56
   250      0.0074      1.000     0.7838     0.792  1.0e-03     0.56
   260      0.0106      1.000     1.1808     0.625  1.0e-03     0.56
   270      0.0122      1.000     0.9849     0.736  1.0e-03     0.56
   280      0.0265      1.000     1.1606     0.674  1.0e-03     0.56
   290      0.0065      1.000     0.6250     0.861  1.0e-03     0.56
   300      0.0057      1.000     0.6124     0.854  1.0e-03     0.56
test accuracy, allWords_Voiced seed 0:
  at lowest train loss (Wang)  0.847  (epoch 299)
  best across epochs (repo)    0.875  (epoch 295)
  final epoch                  0.854
  saved model from epoch 295 to results/allWords_Voiced_seed0_bestTestAccuracy.pt
=== allWords_Voiced, seed 1
 epoch  train loss  train acc  test loss  test acc       lr  s/epoch
    10      2.6592      0.329     2.7315     0.236  1.0e-03     0.56
    20      1.9625      0.606     2.4243     0.257  1.0e-03     0.56
    30      1.4289      0.773     1.8247     0.590  1.0e-03     0.56
    40      1.1181      0.870     2.7017     0.257  1.0e-03     0.56
    50      0.7747      0.954     2.7227     0.264  1.0e-03     0.56
    60      0.4740      0.986     1.3360     0.653  1.0e-03     0.56
    70      0.3171      0.991     1.3092     0.618  1.0e-03     0.56
    80      0.2610      0.995     1.9739     0.375  1.0e-03     0.56
    90      0.1521      1.000     1.5971     0.444  1.0e-03     0.56
   100      0.1205      1.000     1.2146     0.632  1.0e-03     0.56
   110      0.0893      1.000     1.2146     0.625  1.0e-03     0.56
   120      0.0683      1.000     1.5503     0.514  1.0e-03     0.56
   130      0.0426      1.000     0.9143     0.722  1.0e-03     0.56
   140      0.0518      1.000     1.1668     0.660  1.0e-03     0.56
   150      0.0282      1.000     0.9618     0.708  1.0e-03     0.56
   160      0.0271      1.000     0.8353     0.764  1.0e-03     0.56
   170      0.0345      1.000     0.9773     0.715  1.0e-03     0.56
   180      0.0165      1.000     0.7437     0.785  1.0e-03     0.56
   190      0.0213      1.000     0.8068     0.778  1.0e-03     0.56
   200      0.0136      1.000     0.7700     0.799  1.0e-03     0.56
   210      0.0409      1.000     1.4021     0.625  1.0e-03     0.56
   220      0.0114      1.000     0.6237     0.889  1.0e-03     0.56
   230      0.0089      1.000     0.6678     0.840  1.0e-03     0.56
   240      0.0101      1.000     0.6897     0.840  1.0e-03     0.56
   250      0.0082      1.000     0.7068     0.819  1.0e-03     0.56
   260      0.0094      1.000     0.6643     0.847  1.0e-03     0.56
   270      0.0072      1.000     0.6624     0.861  1.0e-03     0.56
   280      0.0054      1.000     0.6551     0.861  1.0e-03     0.56
   290      0.0976      0.995     5.8809     0.222  1.0e-03     0.56
   300      0.0364      1.000     0.9267     0.708  1.0e-03     0.56
test accuracy, allWords_Voiced seed 1:
  at lowest train loss (Wang)  0.861  (epoch 280)
  best across epochs (repo)    0.889  (epoch 220)
  final epoch                  0.708
  saved model from epoch 220 to results/allWords_Voiced_seed1_bestTestAccuracy.pt
=== allWords_Voiced, seed 2
 epoch  train loss  train acc  test loss  test acc       lr  s/epoch
    10      2.6984      0.319     3.0665     0.083  1.0e-03     0.56
    20      1.9545      0.597     2.4183     0.292  1.0e-03     0.56
    30      1.3969      0.796     1.8929     0.528  1.0e-03     0.56
    40      1.0339      0.926     2.0128     0.389  1.0e-03     0.56
    50      0.7113      0.981     1.6462     0.507  1.0e-03     0.56
    60      0.5366      0.981     1.7745     0.444  1.0e-03     0.56
    70      0.3541      0.991     1.2639     0.639  1.0e-03     0.56
    80      0.2525      1.000     1.2286     0.625  1.0e-03     0.56
    90      0.1655      1.000     1.4172     0.583  1.0e-03     0.56
   100      0.1101      1.000     1.3101     0.625  1.0e-03     0.56
   110      0.0967      1.000     1.6185     0.528  1.0e-03     0.56
   120      0.0604      1.000     1.0046     0.715  1.0e-03     0.56
   130      0.0639      1.000     0.8403     0.826  1.0e-03     0.56
   140      0.0379      1.000     0.7589     0.812  1.0e-03     0.56
   150      0.0464      1.000     1.1673     0.667  1.0e-03     0.56
   160      0.0312      1.000     0.7842     0.792  1.0e-03     0.56
   170      0.0265      1.000     0.9100     0.792  1.0e-03     0.56
   180      0.0220      1.000     0.9580     0.757  1.0e-03     0.56
   190      0.0145      1.000     0.7826     0.785  1.0e-03     0.56
   200      0.0121      1.000     0.7316     0.799  1.0e-03     0.56
   210      0.0157      1.000     1.3469     0.667  1.0e-03     0.56
   220      0.0240      1.000     0.8809     0.729  1.0e-03     0.56
   230      0.1407      0.995     2.6198     0.333  1.0e-03     0.56
   240      0.0238      1.000     0.8317     0.736  1.0e-03     0.56
   250      0.0121      1.000     0.6290     0.826  1.0e-03     0.56
   260      0.0079      1.000     0.6231     0.833  1.0e-03     0.56
   270      0.0088      1.000     0.6392     0.826  1.0e-03     0.56
   280      0.0090      1.000     0.6181     0.854  1.0e-03     0.56
   290      0.0077      1.000     0.6331     0.833  1.0e-03     0.56
   300      0.0068      1.000     0.7000     0.799  1.0e-03     0.56
test accuracy, allWords_Voiced seed 2:
  at lowest train loss (Wang)  0.840  (epoch 292)
  best across epochs (repo)    0.882  (epoch 245)
  final epoch                  0.799
  saved model from epoch 245 to results/allWords_Voiced_seed2_bestTestAccuracy.pt
=== allWords_Voiced, seed 3
 epoch  train loss  train acc  test loss  test acc       lr  s/epoch
    10      2.6677      0.347     2.7207     0.236  1.0e-03     0.56
    20      1.9169      0.606     2.2337     0.326  1.0e-03     0.56
    30      1.5042      0.759     1.8459     0.583  1.0e-03     0.56
    40      1.0398      0.866     2.1926     0.319  1.0e-03     0.56
    50      0.7699      0.958     1.6889     0.535  1.0e-03     0.56
    60      0.5446      0.977     1.4616     0.535  1.0e-03     0.56
    70      0.3527      0.995     2.4669     0.312  1.0e-03     0.56
    80      0.2975      0.995     1.1835     0.688  1.0e-03     0.56
    90      0.1734      1.000     1.6265     0.493  1.0e-03     0.56
   100      0.1145      1.000     1.3065     0.625  1.0e-03     0.56
   110      0.0696      1.000     0.9743     0.764  1.0e-03     0.56
   120      0.0630      1.000     1.6459     0.444  1.0e-03     0.56
   130      0.0486      1.000     0.9766     0.688  1.0e-03     0.56
   140      0.0341      1.000     0.7994     0.799  1.0e-03     0.56
   150      0.0439      1.000     0.9077     0.757  1.0e-03     0.56
   160      0.0339      1.000     0.9395     0.722  1.0e-03     0.56
   170      0.0407      1.000     1.6572     0.500  1.0e-03     0.56
   180      0.0286      1.000     0.7529     0.812  1.0e-03     0.56
   190      0.0221      1.000     0.8369     0.799  1.0e-03     0.56
   200      0.0276      1.000     1.2114     0.597  1.0e-03     0.56
   210      0.0101      1.000     0.8111     0.785  1.0e-03     0.56
   220      0.0118      1.000     0.7003     0.833  1.0e-03     0.56
   230      0.0099      1.000     1.0149     0.701  1.0e-03     0.56
   240      0.0081      1.000     0.7798     0.778  1.0e-03     0.56
   250      0.0973      0.991     5.2898     0.188  1.0e-03     0.56
   260      0.0500      1.000     1.6303     0.507  1.0e-03     0.56
   270      0.0094      1.000     0.6693     0.833  1.0e-03     0.56
   280      0.0056      1.000     0.6159     0.854  1.0e-03     0.56
   290      0.0059      1.000     0.6215     0.840  1.0e-03     0.56
   300      0.0301      1.000     1.7463     0.521  1.0e-03     0.56
test accuracy, allWords_Voiced seed 3:
  at lowest train loss (Wang)  0.868  (epoch 289)
  best across epochs (repo)    0.875  (epoch 288)
  final epoch                  0.521
  saved model from epoch 288 to results/allWords_Voiced_seed3_bestTestAccuracy.pt
=== allWords_Voiced, seed 4
 epoch  train loss  train acc  test loss  test acc       lr  s/epoch
    10      2.6341      0.375     2.7739     0.222  1.0e-03     0.56
    20      1.8709      0.611     2.1163     0.472  1.0e-03     0.56
    30      1.3532      0.824     2.7800     0.174  1.0e-03     0.56
    40      0.9938      0.889     1.5912     0.562  1.0e-03     0.56
    50      0.7900      0.903     2.2162     0.292  1.0e-03     0.56
    60      0.4899      0.981     1.5148     0.500  1.0e-03     0.56
    70      0.3474      0.995     1.7496     0.438  1.0e-03     0.56
    80      0.2913      0.991     1.8154     0.417  1.0e-03     0.56
    90      0.1436      1.000     1.1120     0.701  1.0e-03     0.56
   100      0.1308      1.000     1.8746     0.389  1.0e-03     0.56
   110      0.1047      1.000     1.0336     0.701  1.0e-03     0.56
   120      0.0629      1.000     1.2088     0.590  1.0e-03     0.56
   130      0.0420      1.000     0.9139     0.708  1.0e-03     0.56
   140      0.0477      1.000     0.8447     0.771  1.0e-03     0.56
   150      0.0449      1.000     1.5040     0.528  1.0e-03     0.56
   160      0.0302      1.000     0.9587     0.701  1.0e-03     0.56
   170      0.0225      1.000     0.9031     0.736  1.0e-03     0.56
   180      0.0243      1.000     1.2139     0.604  1.0e-03     0.56
   190      0.0252      1.000     1.2211     0.625  1.0e-03     0.56
   200      0.0154      1.000     0.7633     0.778  1.0e-03     0.56
   210      0.0220      1.000     1.2167     0.625  1.0e-03     0.56
   220      0.0143      1.000     0.7922     0.778  1.0e-03     0.56
   230      0.0108      1.000     1.0146     0.701  1.0e-03     0.56
   240      0.0110      1.000     0.7200     0.812  1.0e-03     0.56
   250      0.0108      1.000     0.8262     0.764  1.0e-03     0.56
   260      0.0083      1.000     0.6813     0.819  1.0e-03     0.56
   270      0.0074      1.000     0.6267     0.819  1.0e-03     0.56
   280      0.0051      1.000     0.6545     0.833  1.0e-03     0.56
   290      0.0078      1.000     0.7143     0.806  1.0e-03     0.56
   300      0.0618      1.000     7.3185     0.125  1.0e-03     0.56
test accuracy, allWords_Voiced seed 4:
  at lowest train loss (Wang)  0.847  (epoch 291)
  best across epochs (repo)    0.875  (epoch 282)
  final epoch                  0.125
  saved model from epoch 282 to results/allWords_Voiced_seed4_bestTestAccuracy.pt
=== allWords_Unvoiced, seed 0
 epoch  train loss  train acc  test loss  test acc       lr  s/epoch
    10      2.6038      0.361     2.7395     0.181  1.0e-03     0.56
    20      1.8846      0.579     2.4531     0.243  1.0e-03     0.56
    30      1.3844      0.741     2.1813     0.340  1.0e-03     0.56
    40      1.0880      0.829     2.4181     0.257  1.0e-03     0.56
    50      0.8077      0.921     2.5530     0.306  1.0e-03     0.56
    60      0.5634      0.968     2.0022     0.403  1.0e-03     0.56
    70      0.4181      0.977     1.9544     0.361  1.0e-03     0.56
    80      0.3046      1.000     2.0335     0.410  1.0e-03     0.56
    90      0.2059      1.000     2.1985     0.319  1.0e-03     0.56
   100      0.1602      1.000     4.5604     0.153  1.0e-03     0.56
   110      0.1238      1.000     1.7975     0.493  1.0e-03     0.56
   120      0.0844      1.000     1.4713     0.569  1.0e-03     0.56
   130      0.0592      1.000     1.5057     0.562  1.0e-03     0.56
   140      0.0461      1.000     2.6272     0.326  1.0e-03     0.56
   150      0.0358      1.000     1.3594     0.618  1.0e-03     0.56
   160      0.0348      1.000     2.0744     0.431  1.0e-03     0.56
   170      0.0265      1.000     2.3021     0.368  1.0e-03     0.56
   180      0.0177      1.000     1.5057     0.549  1.0e-03     0.56
   190      0.0394      1.000     2.9310     0.319  1.0e-03     0.56
   200      0.0185      1.000     1.3566     0.604  1.0e-03     0.56
   210      0.0135      1.000     1.3394     0.576  1.0e-03     0.56
   220      0.0116      1.000     1.2058     0.646  1.0e-03     0.56
   230      0.0146      1.000     1.4394     0.590  1.0e-03     0.56
   240      0.0086      1.000     1.6321     0.493  1.0e-03     0.56
   250      0.0086      1.000     1.2068     0.625  1.0e-03     0.56
   260      0.0074      1.000     1.2560     0.618  1.0e-03     0.56
   270      0.0076      1.000     1.3458     0.583  1.0e-03     0.56
   280      0.0053      1.000     1.4034     0.562  1.0e-03     0.56
   290      0.0077      1.000     1.5042     0.521  1.0e-03     0.56
   300      0.0068      1.000     1.4242     0.597  1.0e-03     0.56
test accuracy, allWords_Unvoiced seed 0:
  at lowest train loss (Wang)  0.646  (epoch 278)
  best across epochs (repo)    0.660  (epoch 202)
  final epoch                  0.597
  saved model from epoch 202 to results/allWords_Unvoiced_seed0_bestTestAccuracy.pt
=== allWords_Unvoiced, seed 1
 epoch  train loss  train acc  test loss  test acc       lr  s/epoch
    10      2.6733      0.310     3.1142     0.076  1.0e-03     0.56
    20      1.9509      0.579     2.5881     0.229  1.0e-03     0.56
    30      1.5006      0.718     2.5800     0.264  1.0e-03     0.56
    40      1.1260      0.792     2.2480     0.306  1.0e-03     0.56
    50      0.8454      0.866     1.8370     0.375  1.0e-03     0.56
    60      0.6348      0.935     2.1656     0.375  1.0e-03     0.56
    70      0.4630      0.968     1.5833     0.500  1.0e-03     0.56
    80      0.3347      0.981     4.3936     0.146  1.0e-03     0.56
    90      0.2585      0.995     1.9605     0.368  1.0e-03     0.56
   100      0.1792      1.000     2.7980     0.292  1.0e-03     0.56
   110      0.1410      1.000     1.6715     0.542  1.0e-03     0.56
   120      0.1091      1.000     2.3947     0.403  1.0e-03     0.56
   130      0.0756      1.000     1.4268     0.535  1.0e-03     0.56
   140      0.0675      1.000     2.2076     0.354  1.0e-03     0.56
   150      0.0551      1.000     1.3306     0.611  1.0e-03     0.56
   160      0.0338      1.000     1.5180     0.521  1.0e-03     0.56
   170      0.0435      0.995     4.4213     0.271  1.0e-03     0.56
   180      0.0293      1.000     1.4785     0.604  1.0e-03     0.56
   190      0.0244      1.000     1.4561     0.562  1.0e-03     0.56
   200      0.0206      1.000     1.3138     0.569  1.0e-03     0.56
   210      0.0187      1.000     1.6438     0.528  1.0e-03     0.56
   220      0.0171      1.000     1.8334     0.507  1.0e-03     0.56
   230      0.0149      1.000     1.3730     0.549  1.0e-03     0.56
   240      0.3339      0.949    12.5111     0.083  1.0e-03     0.56
   250      0.0240      1.000     1.5033     0.556  1.0e-03     0.56
   260      0.0151      1.000     1.2124     0.590  1.0e-03     0.56
   270      0.0128      1.000     1.2480     0.639  1.0e-03     0.56
   280      0.0085      1.000     1.2335     0.618  1.0e-03     0.56
   290      0.0093      1.000     1.5054     0.583  1.0e-03     0.56
   300      0.0075      1.000     1.3506     0.576  1.0e-03     0.56
test accuracy, allWords_Unvoiced seed 1:
  at lowest train loss (Wang)  0.618  (epoch 299)
  best across epochs (repo)    0.653  (epoch 262)
  final epoch                  0.576
  saved model from epoch 262 to results/allWords_Unvoiced_seed1_bestTestAccuracy.pt
=== allWords_Unvoiced, seed 2
 epoch  train loss  train acc  test loss  test acc       lr  s/epoch
    10      2.6192      0.338     2.7997     0.222  1.0e-03     0.56
    20      1.9450      0.560     2.7345     0.153  1.0e-03     0.56
    30      1.4812      0.718     2.1280     0.361  1.0e-03     0.56
    40      1.1151      0.815     2.3443     0.257  1.0e-03     0.56
    50      0.8311      0.880     2.9363     0.236  1.0e-03     0.56
    60      0.5951      0.968     2.0621     0.382  1.0e-03     0.56
    70      0.4256      0.977     1.8176     0.500  1.0e-03     0.56
    80      0.3334      0.981     2.7430     0.326  1.0e-03     0.56
    90      0.2527      1.000     2.2403     0.312  1.0e-03     0.56
   100      0.1484      1.000     1.9905     0.403  1.0e-03     0.56
   110      0.1359      1.000     3.0857     0.222  1.0e-03     0.56
   120      0.0874      1.000     1.4934     0.535  1.0e-03     0.56
   130      0.0668      1.000     1.3895     0.562  1.0e-03     0.56
   140      0.0509      1.000     1.3480     0.625  1.0e-03     0.56
   150      0.0597      1.000     1.8536     0.444  1.0e-03     0.56
   160      0.0412      1.000     2.0750     0.417  1.0e-03     0.56
   170      0.0342      1.000     1.5818     0.535  1.0e-03     0.56
   180      0.0225      1.000     1.8111     0.493  1.0e-03     0.56
   190      0.0222      1.000     1.7563     0.493  1.0e-03     0.56
   200      0.0183      1.000     1.4452     0.576  1.0e-03     0.56
   210      0.0329      1.000     1.5573     0.549  1.0e-03     0.56
   220      0.0263      1.000     1.4854     0.576  1.0e-03     0.56
   230      0.0149      1.000     1.5250     0.542  1.0e-03     0.56
   240      0.0082      1.000     1.3155     0.597  1.0e-03     0.56
   250      0.0066      1.000     1.2604     0.639  1.0e-03     0.56
   260      0.0067      1.000     1.3392     0.583  1.0e-03     0.56
   270      0.0092      1.000     1.4417     0.542  1.0e-03     0.56
   280      0.0085      1.000     1.4294     0.556  1.0e-03     0.56
   290      0.0058      1.000     1.2317     0.618  1.0e-03     0.56
   300      0.0051      1.000     1.2838     0.556  1.0e-03     0.56
test accuracy, allWords_Unvoiced seed 2:
  at lowest train loss (Wang)  0.597  (epoch 289)
  best across epochs (repo)    0.667  (epoch 284)
  final epoch                  0.556
  saved model from epoch 284 to results/allWords_Unvoiced_seed2_bestTestAccuracy.pt
=== allWords_Unvoiced, seed 3
 epoch  train loss  train acc  test loss  test acc       lr  s/epoch
    10      2.6379      0.306     2.7918     0.264  1.0e-03     0.56
    20      1.9629      0.551     3.1451     0.132  1.0e-03     0.56
    30      1.5386      0.657     2.8870     0.188  1.0e-03     0.56
    40      1.1030      0.824     2.8442     0.194  1.0e-03     0.56
    50      0.8162      0.907     1.9234     0.424  1.0e-03     0.56
    60      0.6213      0.968     3.1433     0.181  1.0e-03     0.56
    70      0.3962      1.000     1.5323     0.569  1.0e-03     0.56
    80      0.3524      0.986     1.7897     0.451  1.0e-03     0.56
    90      0.2544      0.991     2.4421     0.354  1.0e-03     0.56
   100      0.1583      1.000     1.8158     0.417  1.0e-03     0.56
   110      0.1145      1.000     2.7267     0.319  1.0e-03     0.56
   120      0.0843      1.000     1.7276     0.493  1.0e-03     0.56
   130      0.0897      1.000     3.5669     0.201  1.0e-03     0.56
   140      0.0577      1.000     2.2509     0.382  1.0e-03     0.56
   150      0.0386      1.000     1.6527     0.507  1.0e-03     0.56
   160      0.0330      1.000     1.5269     0.521  1.0e-03     0.56
   170      0.0299      1.000     1.6999     0.507  1.0e-03     0.56
   180      0.0254      1.000     1.3899     0.583  1.0e-03     0.56
   190      0.0256      1.000     1.6261     0.500  1.0e-03     0.56
   200      0.0205      1.000     2.3397     0.396  1.0e-03     0.56
   210      0.0137      1.000     1.4746     0.556  1.0e-03     0.56
   220      0.0248      1.000     1.8708     0.542  1.0e-03     0.56
   230      0.0126      1.000     1.4848     0.569  1.0e-03     0.56
   240      0.0115      1.000     1.3379     0.562  1.0e-03     0.56
   250      0.0128      1.000     1.4597     0.583  1.0e-03     0.56
   260      0.0090      1.000     1.9996     0.479  1.0e-03     0.56
   270      0.2298      0.986    11.1281     0.097  1.0e-03     0.56
   280      0.0510      1.000     2.2363     0.451  1.0e-03     0.56
   290      0.0134      1.000     1.2378     0.625  1.0e-03     0.56
   300      0.0094      1.000     1.3458     0.611  1.0e-03     0.56
test accuracy, allWords_Unvoiced seed 3:
  at lowest train loss (Wang)  0.590  (epoch 264)
  best across epochs (repo)    0.653  (epoch 293)
  final epoch                  0.611
  saved model from epoch 293 to results/allWords_Unvoiced_seed3_bestTestAccuracy.pt
=== allWords_Unvoiced, seed 4
 epoch  train loss  train acc  test loss  test acc       lr  s/epoch
    10      2.6452      0.333     2.9962     0.153  1.0e-03     0.56
    20      1.9108      0.583     2.4154     0.299  1.0e-03     0.56
    30      1.4374      0.727     2.5092     0.229  1.0e-03     0.56
    40      1.0331      0.889     2.1953     0.312  1.0e-03     0.56
    50      0.8006      0.917     2.3085     0.340  1.0e-03     0.56
    60      0.5234      0.977     2.0624     0.368  1.0e-03     0.56
    70      0.4414      0.977     4.0405     0.194  1.0e-03     0.56
    80      0.3335      1.000     1.8910     0.458  1.0e-03     0.56
    90      0.1756      1.000     2.4110     0.312  1.0e-03     0.56
   100      0.1696      1.000     4.0204     0.236  1.0e-03     0.56
   110      0.1141      1.000     1.8382     0.458  1.0e-03     0.56
   120      0.0770      1.000     3.2605     0.264  1.0e-03     0.56
   130      0.0462      1.000     1.6366     0.500  1.0e-03     0.56
   140      0.0630      1.000     1.7024     0.410  1.0e-03     0.56
   150      0.0485      1.000     2.4279     0.375  1.0e-03     0.56
   160      0.0400      1.000     1.3729     0.569  1.0e-03     0.56
   170      0.0242      1.000     1.4226     0.590  1.0e-03     0.56
   180      0.0245      1.000     1.5403     0.514  1.0e-03     0.56
   190      0.0194      1.000     1.3602     0.597  1.0e-03     0.56
   200      0.0189      1.000     1.2638     0.611  1.0e-03     0.56
   210      0.0114      1.000     1.2369     0.618  1.0e-03     0.56
   220      0.0163      1.000     1.2816     0.569  1.0e-03     0.56
   230      0.0183      1.000     2.5110     0.424  1.0e-03     0.56
   240      0.0287      1.000     4.5518     0.250  1.0e-03     0.56
   250      0.0153      1.000     1.6986     0.486  1.0e-03     0.56
   260      0.0147      1.000     1.5994     0.528  1.0e-03     0.56
   270      0.0086      1.000     1.4256     0.549  1.0e-03     0.56
   280      0.0054      1.000     1.3118     0.590  1.0e-03     0.56
   290      0.0065      1.000     1.2326     0.639  1.0e-03     0.56
   300      0.0057      1.000     1.3141     0.576  1.0e-03     0.56
test accuracy, allWords_Unvoiced seed 4:
  at lowest train loss (Wang)  0.618  (epoch 292)
  best across epochs (repo)    0.653  (epoch 195)
  final epoch                  0.576
  saved model from epoch 195 to results/allWords_Unvoiced_seed4_bestTestAccuracy.pt
